Archive member included to satisfy reference by file (symbol)

app/libapp.a(main.c.obj)      (--whole-archive)
zephyr/libzephyr.a(validate_libc.c.obj)
                              (--whole-archive)
zephyr/libzephyr.a(heap.c.obj)
                              (--whole-archive)
zephyr/libzephyr.a(cbprintf_packaged.c.obj)
                              (--whole-archive)
zephyr/libzephyr.a(clock.c.obj)
                              (--whole-archive)
zephyr/libzephyr.a(printk.c.obj)
                              (--whole-archive)
zephyr/libzephyr.a(sem.c.obj)
                              (--whole-archive)
zephyr/libzephyr.a(thread_entry.c.obj)
                              (--whole-archive)
zephyr/libzephyr.a(cbprintf_complete.c.obj)
                              (--whole-archive)
zephyr/libzephyr.a(assert.c.obj)
                              (--whole-archive)
zephyr/libzephyr.a(dec.c.obj)
                              (--whole-archive)
zephyr/libzephyr.a(hex.c.obj)
                              (--whole-archive)
zephyr/libzephyr.a(rb.c.obj)  (--whole-archive)
zephyr/libzephyr.a(timeutil.c.obj)
                              (--whole-archive)
zephyr/libzephyr.a(bitarray.c.obj)
                              (--whole-archive)
zephyr/libzephyr.a(bitmask.c.obj)
                              (--whole-archive)
zephyr/libzephyr.a(onoff.c.obj)
                              (--whole-archive)
zephyr/libzephyr.a(notify.c.obj)
                              (--whole-archive)
zephyr/libzephyr.a(ring_buffer.c.obj)
                              (--whole-archive)
zephyr/libzephyr.a(last_section_id.c.obj)
                              (--whole-archive)
zephyr/libzephyr.a(configs.c.obj)
                              (--whole-archive)
zephyr/libzephyr.a(thread_info.c.obj)
                              (--whole-archive)
zephyr/libzephyr.a(mem_attr.c.obj)
                              (--whole-archive)
zephyr/libzephyr.a(tracing_none.c.obj)
                              (--whole-archive)
zephyr/libzephyr.a(banner.c.obj)
                              (--whole-archive)
zephyr/libzephyr.a(hci_vs_sdc.c.obj)
                              (--whole-archive)
zephyr/libzephyr.a(host_extensions.c.obj)
                              (--whole-archive)
zephyr/libzephyr.a(flash_map_partition_manager.c.obj)
                              (--whole-archive)
zephyr/arch/common/libarch__common.a(sw_isr_common.c.obj)
                              (--whole-archive)
zephyr/arch/common/libarch__common.a(init.c.obj)
                              (--whole-archive)
zephyr/arch/common/libarch__common.a(xip.c.obj)
                              (--whole-archive)
zephyr/arch/arch/arm/core/libarch__arm__core.a(fatal.c.obj)
                              (--whole-archive)
zephyr/arch/arch/arm/core/libarch__arm__core.a(nmi.c.obj)
                              (--whole-archive)
zephyr/arch/arch/arm/core/libarch__arm__core.a(nmi_on_reset.S.obj)
                              (--whole-archive)
zephyr/arch/arch/arm/core/libarch__arm__core.a(tls.c.obj)
                              (--whole-archive)
zephyr/arch/arch/arm/core/cortex_m/libarch__arm__core__cortex_m.a(exc_exit.c.obj)
                              (--whole-archive)
zephyr/arch/arch/arm/core/cortex_m/libarch__arm__core__cortex_m.a(fault.c.obj)
                              (--whole-archive)
zephyr/arch/arch/arm/core/cortex_m/libarch__arm__core__cortex_m.a(fault_s.S.obj)
                              (--whole-archive)
zephyr/arch/arch/arm/core/cortex_m/libarch__arm__core__cortex_m.a(fpu.c.obj)
                              (--whole-archive)
zephyr/arch/arch/arm/core/cortex_m/libarch__arm__core__cortex_m.a(reset.S.obj)
                              (--whole-archive)
zephyr/arch/arch/arm/core/cortex_m/libarch__arm__core__cortex_m.a(scb.c.obj)
                              (--whole-archive)
zephyr/arch/arch/arm/core/cortex_m/libarch__arm__core__cortex_m.a(thread_abort.c.obj)
                              (--whole-archive)
zephyr/arch/arch/arm/core/cortex_m/libarch__arm__core__cortex_m.a(vector_table.S.obj)
                              (--whole-archive)
zephyr/arch/arch/arm/core/cortex_m/libarch__arm__core__cortex_m.a(swap_helper.S.obj)
                              (--whole-archive)
zephyr/arch/arch/arm/core/cortex_m/libarch__arm__core__cortex_m.a(irq_manage.c.obj)
                              (--whole-archive)
zephyr/arch/arch/arm/core/cortex_m/libarch__arm__core__cortex_m.a(prep_c.c.obj)
                              (--whole-archive)
zephyr/arch/arch/arm/core/cortex_m/libarch__arm__core__cortex_m.a(thread.c.obj)
                              (--whole-archive)
zephyr/arch/arch/arm/core/cortex_m/libarch__arm__core__cortex_m.a(cpu_idle.c.obj)
                              (--whole-archive)
zephyr/arch/arch/arm/core/cortex_m/libarch__arm__core__cortex_m.a(irq_init.c.obj)
                              (--whole-archive)
zephyr/arch/arch/arm/core/cortex_m/libarch__arm__core__cortex_m.a(isr_wrapper.c.obj)
[...]
Memory Configuration

Name             Origin             Length             Attributes
FLASH            0x0000000000000000 0x0000000000165000 xr
RAM              0x0000000020000000 0x000000000002f000 xw
IDT_LIST         0x00000000ffff7fff 0x0000000000008000 xw
*default*        0x0000000000000000 0xffffffffffffffff

Linker script and memory map

                0x000000000000f134                vfprintf = __l_vfprintf
                0x0000000000000000                vfscanf = __l_vfscanf
LOAD zephyr/CMakeFiles/zephyr_pre0.dir/misc/empty_file.c.obj
LOAD zephyr/CMakeFiles/offsets.dir/./arch/arm/core/offsets/offsets.c.obj
LOAD app/libapp.a
LOAD zephyr/libzephyr.a
LOAD zephyr/arch/common/libarch__common.a
LOAD zephyr/arch/arch/arm/core/libarch__arm__core.a
LOAD zephyr/arch/arch/arm/core/cortex_m/libarch__arm__core__cortex_m.a
LOAD zephyr/arch/arch/arm/core/cortex_m/cmse/libarch__arm__core__cortex_m__cmse.a
LOAD zephyr/arch/arch/arm/core/mpu/libarch__arm__core__mpu.a
LOAD zephyr/lib/libc/picolibc/liblib__libc__picolibc.a
LOAD zephyr/lib/libc/common/liblib__libc__common.a
LOAD zephyr/lib/net_buf/liblib__net_buf.a
LOAD zephyr/soc/soc/nrf54l15/libsoc__nordic.a
LOAD zephyr/subsys/random/libsubsys__random.a
LOAD zephyr/subsys/bluetooth/common/libsubsys__bluetooth__common.a
LOAD zephyr/subsys/bluetooth/host/libsubsys__bluetooth__host.a
LOAD zephyr/drivers/cache/libdrivers__cache.a
LOAD zephyr/drivers/clock_control/libdrivers__clock_control.a
LOAD zephyr/drivers/console/libdrivers__console.a
LOAD zephyr/drivers/entropy/libdrivers__entropy.a
LOAD zephyr/drivers/gpio/libdrivers__gpio.a
LOAD zephyr/drivers/pinctrl/libdrivers__pinctrl.a
LOAD zephyr/drivers/serial/libdrivers__serial.a
LOAD zephyr/drivers/timer/libdrivers__timer.a
LOAD modules/nrf/lib/multithreading_lock/lib..__nrf__lib__multithreading_lock.a
LOAD modules/nrf/subsys/bluetooth/controller/lib..__nrf__subsys__bluetooth__controller.a
LOAD modules/nrf/subsys/nrf_security/src/zephyr/libmbedtls_zephyr.a
LOAD modules/nrf/subsys/mpsl/init/lib..__nrf__subsys__mpsl__init.a
LOAD modules/nrf/subsys/mpsl/fem/lib..__nrf__subsys__mpsl__fem.a
LOAD modules/nrf/subsys/mpsl/hwres/lib..__nrf__subsys__mpsl__hwres.a
LOAD modules/nrf/drivers/mpsl/clock_control/lib..__nrf__drivers__mpsl__clock_control.a
LOAD modules/hal_nordic/modules/hal_nordic/nrfx/libmodules__hal_nordic__nrfx.a
LOAD zephyr/kernel/libkernel.a
LOAD modules/nrf/subsys/nrf_security/src/libmbedcrypto.a
LOAD modules/nrf/subsys/nrf_security/src/core/nrf_oberon/libpsa_core.a
LOAD modules/nrf/subsys/nrf_security/src/drivers/cracen/libcracen_psa_driver.a
LOAD modules/nrf/subsys/nrf_security/src/libmbedcrypto_base.a
LOAD modules/nrf/subsys/nrf_security/src/libnrf_security_utils.a
LOAD zephyr/kernel/libkernel.a
LOAD zephyr/arch/common/libisr_tables.a
LOAD /opt/nordic/ncs/v3.2.1/nrfxlib/softdevice_controller/lib/nrf54l/soft-float/libsoftdevice_controller_central.a
LOAD /opt/nordic/ncs/v3.2.1/nrfxlib/mpsl/fem/common/lib/nrf54l/soft-float/libmpsl_fem_common.a
LOAD /opt/nordic/ncs/v3.2.1/nrfxlib/mpsl/fem/nrf21540_gpio/lib/nrf54l/soft-float/libmpsl_fem_nrf21540_gpio.a
LOAD /opt/nordic/ncs/v3.2.1/nrfxlib/mpsl/fem/nrf21540_gpio_spi/lib/nrf54l/soft-float/libmpsl_fem_nrf21540_gpio_spi.a
LOAD /opt/nordic/ncs/v3.2.1/nrfxlib/mpsl/fem/nrf2220/lib/nrf54l/soft-float/libmpsl_fem_nrf2220.a
LOAD /opt/nordic/ncs/v3.2.1/nrfxlib/mpsl/fem/nrf2240/lib/nrf54l/soft-float/libmpsl_fem_nrf2240.a
LOAD /opt/nordic/ncs/v3.2.1/nrfxlib/mpsl/fem/nrf22xx/lib/nrf54l/soft-float/libmpsl_fem_nrf22xx.a
LOAD /opt/nordic/ncs/v3.2.1/nrfxlib/mpsl/fem/simple_gpio/lib/nrf54l/soft-float/libmpsl_fem_simple_gpio.a
LOAD /opt/nordic/ncs/v3.2.1/nrfxlib/mpsl/lib/nrf54l/soft-float/libmpsl.a
LOAD /opt/nordic/ncs/toolchains/322ac893fe/opt/zephyr-sdk/arm-zephyr-eabi/bin/../lib/gcc/../../picolibc/arm-zephyr-eabi/lib/thumb/v8-m.main/nofp/libc.a
LOAD /opt/nordic/ncs/toolchains/322ac893fe/opt/zephyr-sdk/arm-zephyr-eabi/bin/../lib/gcc/arm-zephyr-eabi/12.2.0/thumb/v8-m.main/nofp/libgcc.a
                0x0000000000000020                _region_min_align = 0x20

.rel.plt        0x0000000000000000        0x0
 *(SORT_BY_ALIGNMENT(.rel.plt))
                [!provide]                        PROVIDE (__rel_iplt_start = .)
 *(SORT_BY_ALIGNMENT(.rel.iplt))
 .rel.iplt      0x0000000000000000        0x0 app/libapp.a(main.c.obj)
                [!provide]                        PROVIDE (__rel_iplt_end = .)

.rela.plt       0x0000000000000000        0x0
 *(SORT_BY_ALIGNMENT(.rela.plt))
                [!provide]                        PROVIDE (__rela_iplt_start = .)
 *(SORT_BY_ALIGNMENT(.rela.iplt))
                [!provide]                        PROVIDE (__rela_iplt_end = .)

.rel.dyn
 *(SORT_BY_ALIGNMENT(.rel.*))

.rela.dyn
 *(SORT_BY_ALIGNMENT(.rela.*))

/DISCARD/
 *(SORT_BY_ALIGNMENT(.plt))

/DISCARD/
 *(SORT_BY_ALIGNMENT(.iplt))
                0x0000000000000000                __rom_region_start = 0x0

rom_start       0x0000000000000000      0x47c
                0x0000000000000000                __rom_start_address = .
 FILL mask 0x00
                0x0000000000000000                . = (. + (0x0 - (. - __rom_start_address)))
                0x0000000000000000                . = ALIGN (0x4)
                0x0000000000000000                . = ALIGN (0x80)
                0x0000000000000000                . = ALIGN (0x800)
                0x0000000000000000                _vector_start = .
 *(SORT_BY_ALIGNMENT(.exc_vector_table))
 *(SORT_BY_ALIGNMENT(.exc_vector_table.*))
 .exc_vector_table._vector_table_section
                0x0000000000000000       0x40 zephyr/arch/arch/arm/core/cortex_m/libarch__arm__core__cortex_m.a(vector_table.S.obj)
                0x0000000000000000                _vector_table
 *(SORT_BY_ALIGNMENT(.vectors))
                0x000000000000047c                _vector_end = .
                0x0000000000000040                . = ALIGN (0x4)
 *(SORT_BY_ALIGNMENT(.gnu.linkonce.irq_vector_table*))
 .gnu.linkonce.irq_vector_table
                0x0000000000000040      0x43c zephyr/arch/common/libisr_tables.a(isr_tables.c.obj)
                0x0000000000000040                _irq_vector_table
                0x000000000000047c                _vector_end = .

text            0x0000000000000480    0x111f8
                0x0000000000000480                __text_region_start = .
 *(SORT_BY_ALIGNMENT(.text))
 .text          0x0000000000000480       0x20 /opt/nordic/ncs/v3.2.1/nrfxlib/softdevice_controller/lib/nrf54l/soft-float/libsoftdevice_controller_central.a(libsoftdevice_controller_s123_debug_soft__obfuscated.elf)
 .text          0x00000000000004a0       0xe4 /opt/nordic/ncs/v3.2.1/nrfxlib/softdevice_controller/lib/nrf54l/soft-float/libsoftdevice_controller_central.a(libsoftdevice_controller_s123_debug_soft__obfuscated.elf)
 .text          0x0000000000000584       0x78 /opt/nordic/ncs/v3.2.1/nrfxlib/softdevice_controller/lib/nrf54l/soft-float/libsoftdevice_controller_central.a(libsoftdevice_controller_s123_debug_soft__obfuscated.elf)
                0x0000000000000584                sym_476LRB5XNUARAHCHHC7ZAIGPFC5VZ4W2N4467LI
 .text          0x00000000000005fc       0x30 /opt/nordic/ncs/v3.2.1/nrfxlib/softdevice_controller/lib/nrf54l/soft-float/libsoftdevice_controller_central.a(libsoftdevice_controller_s123_debug_soft__obfuscated.elf)
 .text          0x000000000000062c       0x64 /opt/nordic/ncs/v3.2.1/nrfxlib/softdevice_controller/lib/nrf54l/soft-float/libsoftdevice_controller_central.a(libsoftdevice_controller_s123_debug_soft__obfuscated.elf)
                0x000000000000062c                sdc_init
 .text          0x0000000000000690       0xa8 /opt/nordic/ncs/v3.2.1/nrfxlib/softdevice_controller/lib/nrf54l/soft-float/libsoftdevice_controller_central.a(libsoftdevice_controller_s123_debug_soft__obfuscated.elf)
                0x0000000000000690                sdc_cfg_set
 .text          0x0000000000000738       0x5c /opt/nordic/ncs/v3.2.1/nrfxlib/softdevice_controller/lib/nrf54l/soft-float/libsoftdevice_controller_central.a(libsoftdevice_controller_s123_debug_soft__obfuscated.elf)
                0x0000000000000738                sdc_enable
 .text          0x0000000000000794       0x20 /opt/nordic/ncs/v3.2.1/nrfxlib/softdevice_controller/lib/nrf54l/soft-float/libsoftdevice_controller_central.a(libsoftdevice_controller_s123_debug_soft__obfuscated.elf)
                0x0000000000000794                sdc_disable
 .text          0x00000000000007b4       0x24 /opt/nordic/ncs/v3.2.1/nrfxlib/softdevice_controller/lib/nrf54l/soft-float/libsoftdevice_controller_central.a(libsoftdevice_controller_s123_debug_soft__obfuscated.elf)
                0x00000000000007b4                sdc_build_revision_get
 .text          0x00000000000007d8       0x18 /opt/nordic/ncs/v3.2.1/nrfxlib/softdevice_controller/lib/nrf54l/soft-float/libsoftdevice_controller_central.a(libsoftdevice_controller_s123_debug_soft__obfuscated.elf)
                0x00000000000007d8                sdc_support_scan
 .text          0x00000000000007f0       0x10 /opt/nordic/ncs/v3.2.1/nrfxlib/softdevice_controller/lib/nrf54l/soft-float/libsoftdevice_controller_central.a(libsoftdevice_controller_s123_debug_soft__obfuscated.elf)
                0x00000000000007f0                sdc_rand_source_register
 .text          0x0000000000000800        0xc /opt/nordic/ncs/v3.2.1/nrfxlib/softdevice_controller/lib/nrf54l/soft-float/libsoftdevice_controller_central.a(libsoftdevice_controller_s123_debug_soft__obfuscated.elf)
                0x0000000000000800                sym_CVMXQJYKHZVHIOMGOYEICPLVAIQNUBL6USVNZSA
 .text          0x000000000000080c       0x10 /opt/nordic/ncs/v3.2.1/nrfxlib/softdevice_controller/lib/nrf54l/soft-float/libsoftdevice_controller_central.a(libsoftdevice_controller_s123_debug_soft__obfuscated.elf)
                0x000000000000080c                sym_EZ7BAEZZMYJFIJAONX254JF3WPGEXUT4NMP2WJQ
 .text          0x000000000000081c       0x6c /opt/nordic/ncs/v3.2.1/nrfxlib/softdevice_controller/lib/nrf54l/soft-float/libsoftdevice_controller_central.a(libsoftdevice_controller_s123_debug_soft__obfuscated.elf)
                0x000000000000081c                sym_MS2INTHZLDZMKZ5TZUDLWHPLKH3FLVZPA26JG6A
 .text          0x0000000000000888       0x28 /opt/nordic/ncs/v3.2.1/nrfxlib/softdevice_controller/lib/nrf54l/soft-float/libsoftdevice_controller_central.a(libsoftdevice_controller_s123_debug_soft__obfuscated.elf)
                0x0000000000000888                sym_TG7NSIC2UKHCUBZWZ4K4EMD5QRI2QVSKVKV6CFQ
 .text          0x00000000000008b0       0x3c /opt/nordic/ncs/v3.2.1/nrfxlib/softdevice_controller/lib/nrf54l/soft-float/libsoftdevice_controller_central.a(libsoftdevice_controller_s123_debug_soft__obfuscated.elf)
                0x00000000000008b0                sym_Z7NJGBYWCKFTEHRYWAIDKWPEUN45273QSWUA5CY
 .text          0x00000000000008ec       0x24 /opt/nordic/ncs/v3.2.1/nrfxlib/softdevice_controller/lib/nrf54l/soft-float/libsoftdevice_controller_central.a(libsoftdevice_controller_s123_debug_soft__obfuscated.elf)
                0x00000000000008ec                sym_TU2SMBIUC7JL6C3K2XB6727DQLBLV5LEGIMZAFQ
 .text          0x0000000000000910       0x10 /opt/nordic/ncs/v3.2.1/nrfxlib/softdevice_controller/lib/nrf54l/soft-float/libsoftdevice_controller_central.a(libsoftdevice_controller_s123_debug_soft__obfuscated.elf)
                0x0000000000000910                sym_PPT6FEOF2T6DRALMCRRTUI7CHLEPBAN25HYV3KQ
 .text          0x0000000000000920       0x28 /opt/nordic/ncs/v3.2.1/nrfxlib/softdevice_controller/lib/nrf54l/soft-float/libsoftdevice_controller_central.a(libsoftdevice_controller_s123_debug_soft__obfuscated.elf)
                0x0000000000000920                sym_CEENVC5DZRUT7MGF5LABXKT4NV7YUL5F6EX6TEQ
 .text          0x0000000000000948        0xc /opt/nordic/ncs/v3.2.1/nrfxlib/softdevice_controller/lib/nrf54l/soft-float/libsoftdevice_controller_central.a(libsoftdevice_controller_s123_debug_soft__obfuscated.elf)
                0x0000000000000948                sym_G3KVRHCJDVHL7HV53526V3YI3DTK2IW2CADUWZQ
 .text          0x0000000000000954       0x1c /opt/nordic/ncs/v3.2.1/nrfxlib/softdevice_controller/lib/nrf54l/soft-float/libsoftdevice_controller_central.a(libsoftdevice_controller_s123_debug_soft__obfuscated.elf)
                0x0000000000000954                sdc_hci_cmd_cb_reset
 .text          0x0000000000000970       0x44 /opt/nordic/ncs/v3.2.1/nrfxlib/softdevice_controller/lib/nrf54l/soft-float/libsoftdevice_controller_central.a(libsoftdevice_controller_s123_debug_soft__obfuscated.elf)
 .text          0x00000000000009b4       0x40 /opt/nordic/ncs/v3.2.1/nrfxlib/softdevice_controller/lib/nrf54l/soft-float/libsoftdevice_controller_central.a(libsoftdevice_controller_s123_debug_soft__obfuscated.elf)
                0x00000000000009b4                sym_T2KVJXUKBW7E6DZMIXB2ENUQYG6P2TBYLXO3PAY
 .text          0x00000000000009f4       0x4c /opt/nordic/ncs/v3.2.1/nrfxlib/softdevice_controller/lib/nrf54l/soft-float/libsoftdevice_controller_central.a(libsoftdevice_controller_s123_debug_soft__obfuscated.elf)
 .text          0x0000000000000a40       0x10 /opt/nordic/ncs/v3.2.1/nrfxlib/softdevice_controller/lib/nrf54l/soft-float/libsoftdevice_controller_central.a(libsoftdevice_controller_s123_debug_soft__obfuscated.elf)
                0x0000000000000a40                sym_QFMUQVSA2RVLCOVZ24CAF3TBH45MAZ6DL5HLWKY
 .text          0x0000000000000a50       0x14 /opt/nordic/ncs/v3.2.1/nrfxlib/softdevice_controller/lib/nrf54l/soft-float/libsoftdevice_controller_central.a(libsoftdevice_controller_s123_debug_soft__obfuscated.elf)
                0x0000000000000a50                sym_CXUT4Q657Z75OBUIGHDMFNDKATOGPPQCSGHWG7Y
 .text          0x0000000000000a64      0x16c /opt/nordic/ncs/v3.2.1/nrfxlib/softdevice_controller/lib/nrf54l/soft-float/libsoftdevice_controller_central.a(libsoftdevice_controller_s123_debug_soft__obfuscated.elf)
                0x0000000000000a64                sym_EQ53CEL7EDVHMFMHMFPRRQU46C5YKKFEBAACFOA
 .text          0x0000000000000bd0       0x78 /opt/nordic/ncs/v3.2.1/nrfxlib/softdevice_controller/lib/nrf54l/soft-float/libsoftdevice_controller_central.a(libsoftdevice_controller_s123_debug_soft__obfuscated.elf)
                0x0000000000000bd0                sym_7JFC7IFAJQVPYCQHAIUKZ626ISM3VUWBEEXY7WI
 .text          0x0000000000000c48       0x2c /opt/nordic/ncs/v3.2.1/nrfxlib/softdevice_controller/lib/nrf54l/soft-float/libsoftdevice_controller_central.a(libsoftdevice_controller_s123_debug_soft__obfuscated.elf)
                0x0000000000000c48                sym_5X75WALYYBUWN4XT5LYOZBIGSZHVNFKF5J4CSQI
 .text          0x0000000000000c74       0x40 /opt/nordic/ncs/v3.2.1/nrfxlib/softdevice_controller/lib/nrf54l/soft-float/libsoftdevice_controller_central.a(libsoftdevice_controller_s123_debug_soft__obfuscated.elf)
                0x0000000000000c74                sym_6I4XEOIW7LI2E3Z53L54ZHQQHYICXR4H4JQWXLA
 .text          0x0000000000000cb4       0x30 /opt/nordic/ncs/v3.2.1/nrfxlib/softdevice_controller/lib/nrf54l/soft-float/libsoftdevice_controller_central.a(libsoftdevice_controller_s123_debug_soft__obfuscated.elf)
                0x0000000000000cb4                sym_6DYG6C6ROXZA67GZINNB2XIQHL3KE2RCKK4QFXA
 .text          0x0000000000000ce4       0x94 /opt/nordic/ncs/v3.2.1/nrfxlib/softdevice_controller/lib/nrf54l/soft-float/libsoftdevice_controller_central.a(libsoftdevice_controller_s123_debug_soft__obfuscated.elf)
                0x0000000000000ce4                sym_E5WZNPP2DINHF6K4PHXLYLX5AXTYBQYGQESRSGQ
 .text          0x0000000000000d78        0xc /opt/nordic/ncs/v3.2.1/nrfxlib/softdevice_controller/lib/nrf54l/soft-float/libsoftdevice_controller_central.a(libsoftdevice_controller_s123_debug_soft__obfuscated.elf)
                0x0000000000000d78                sym_UAPFH34IEHUX3FGU7LNPEIJNCLAPRJP46TMN4NY
 .text          0x0000000000000d84       0x30 /opt/nordic/ncs/v3.2.1/nrfxlib/softdevice_controller/lib/nrf54l/soft-float/libsoftdevice_controller_central.a(libsoftdevice_controller_s123_debug_soft__obfuscated.elf)
 .text          0x0000000000000db4      0x190 /opt/nordic/ncs/v3.2.1/nrfxlib/softdevice_controller/lib/nrf54l/soft-float/libsoftdevice_controller_central.a(libsoftdevice_controller_s123_debug_soft__obfuscated.elf)
 .text          0x0000000000000f44       0x74 /opt/nordic/ncs/v3.2.1/nrfxlib/softdevice_controller/lib/nrf54l/soft-float/libsoftdevice_controller_central.a(libsoftdevice_controller_s123_debug_soft__obfuscated.elf)
                0x0000000000000f44                sym_RGKYP5TXYS27EGT6ZHZS5EDDAZK5QGTWLBOBJEA
 .text          0x0000000000000fb8       0x18 /opt/nordic/ncs/v3.2.1/nrfxlib/softdevice_controller/lib/nrf54l/soft-float/libsoftdevice_controller_central.a(libsoftdevice_controller_s123_debug_soft__obfuscated.elf)
                0x0000000000000fb8                sym_5EMU3BEOS6JCQEXTZ5M5LP72YGJNCV3W3R43AOI
 .text          0x0000000000000fd0        0xc /opt/nordic/ncs/v3.2.1/nrfxlib/softdevice_controller/lib/nrf54l/soft-float/libsoftdevice_controller_central.a(libsoftdevice_controller_s123_debug_soft__obfuscated.elf)
                0x0000000000000fd0                sym_UY577SX5HIKP7SN7G6RHWTFDXAXFXXF32S4VJUA
 .text          0x0000000000000fdc       0x14 /opt/nordic/ncs/v3.2.1/nrfxlib/softdevice_controller/lib/nrf54l/soft-float/libsoftdevice_controller_central.a(libsoftdevice_controller_s123_debug_soft__obfuscated.elf)
                0x0000000000000fdc                sym_Y5RIWFUVP4FHJFYC7FBZKM2MV7INK43TLWQ5URA
 .text          0x0000000000000ff0      0x140 /opt/nordic/ncs/v3.2.1/nrfxlib/softdevice_controller/lib/nrf54l/soft-float/libsoftdevice_controller_central.a(libsoftdevice_controller_s123_debug_soft__obfuscated.elf)
                0x0000000000000ff0                sym_CNVWBND3CKNA7X75YYI34DQVJHIIO67GC5L2TOA
 .text          0x0000000000001130       0x68 /opt/nordic/ncs/v3.2.1/nrfxlib/softdevice_controller/lib/nrf54l/soft-float/libsoftdevice_controller_central.a(libsoftdevice_controller_s123_debug_soft__obfuscated.elf)
                0x0000000000001130                sym_B53ULTNRMKMM2752DLWCII2MNWMNLLOI2TCFUOA
 .text          0x0000000000001198       0x2c /opt/nordic/ncs/v3.2.1/nrfxlib/softdevice_controller/lib/nrf54l/soft-float/libsoftdevice_controller_central.a(libsoftdevice_controller_s123_debug_soft__obfuscated.elf)
                0x0000000000001198                sym_XQWU4MX22DPQIRRYTXBNWTH2DBYK7MH33FME7FI
 .text          0x00000000000011c4       0x10 /opt/nordic/ncs/v3.2.1/nrfxlib/softdevice_controller/lib/nrf54l/soft-float/libsoftdevice_controller_central.a(libsoftdevice_controller_s123_debug_soft__obfuscated.elf)
                0x00000000000011c4                sym_DVVOECRRYK6EAGDREB2UKKQZT5MAOOUK66XNPTA
 .text          0x00000000000011d4       0x38 /opt/nordic/ncs/v3.2.1/nrfxlib/softdevice_controller/lib/nrf54l/soft-float/libsoftdevice_controller_central.a(libsoftdevice_controller_s123_debug_soft__obfuscated.elf)
                0x00000000000011d4                sym_AQMZEUEC3F4Q53CYFKGZCEH47J6F6YNF35E42YI
 .text          0x000000000000120c       0x20 /opt/nordic/ncs/v3.2.1/nrfxlib/softdevice_controller/lib/nrf54l/soft-float/libsoftdevice_controller_central.a(libsoftdevice_controller_s123_debug_soft__obfuscated.elf)
 .text          0x000000000000122c       0x30 /opt/nordic/ncs/v3.2.1/nrfxlib/softdevice_controller/lib/nrf54l/soft-float/libsoftdevice_controller_central.a(libsoftdevice_controller_s123_debug_soft__obfuscated.elf)
                0x000000000000122c                sym_YN5M7BXD6GK7QA4RXHXET7I4MPU7MIX3FXW62UI
 .text          0x000000000000125c       0x2c /opt/nordic/ncs/v3.2.1/nrfxlib/softdevice_controller/lib/nrf54l/soft-float/libsoftdevice_controller_central.a(libsoftdevice_controller_s123_debug_soft__obfuscated.elf)
                0x000000000000125c                sym_G4TIIR7KO3GHFF45HCHTIL3RIPRK2LVDQADUYJQ
 .text          0x0000000000001288        0xc /opt/nordic/ncs/v3.2.1/nrfxlib/softdevice_controller/lib/nrf54l/soft-float/libsoftdevice_controller_central.a(libsoftdevice_controller_s123_debug_soft__obfuscated.elf)
                0x0000000000001288                sym_HG37ZAHWDO2P65KBJXRLV5PVSG5TCUWPMKZOZLQ
 .text          0x0000000000001294       0x24 /opt/nordic/ncs/v3.2.1/nrfxlib/softdevice_controller/lib/nrf54l/soft-float/libsoftdevice_controller_central.a(libsoftdevice_controller_s123_debug_soft__obfuscated.elf)
                0x0000000000001294                sym_4W26TPGCKOCVVRKXQDBKGXGC2Y5LMZXNKS2QITA
 .text          0x00000000000012b8       0x18 /opt/nordic/ncs/v3.2.1/nrfxlib/softdevice_controller/lib/nrf54l/soft-float/libsoftdevice_controller_central.a(libsoftdevice_controller_s123_debug_soft__obfuscated.elf)
                0x00000000000012b8                sym_N6TOG3AODPPFNS6LXFKKIADNGIMUMBS5BXPEFOY
 .text          0x00000000000012d0        0xc /opt/nordic/ncs/v3.2.1/nrfxlib/softdevice_controller/lib/nrf54l/soft-float/libsoftdevice_controller_central.a(libsoftdevice_controller_s123_debug_soft__obfuscated.elf)
                0x00000000000012d0                sym_BWOH6AZ6T4WLRA7IVWYARAF5KSHS6SUPQAKZW4A
 .text          0x00000000000012dc       0x14 /opt/nordic/ncs/v3.2.1/nrfxlib/softdevice_controller/lib/nrf54l/soft-float/libsoftdevice_controller_central.a(libsoftdevice_controller_s123_debug_soft__obfuscated.elf)
                0x00000000000012dc                sym_HA7EOSELAQYVMG5UXMJGQLLFEIRQPB7MNOSYOXQ
 .text          0x00000000000012f0       0x30 /opt/nordic/ncs/v3.2.1/nrfxlib/softdevice_controller/lib/nrf54l/soft-float/libsoftdevice_controller_central.a(libsoftdevice_controller_s123_debug_soft__obfuscated.elf)
                0x00000000000012f0                sym_MJMICEV3AHUJUDNI6JLXYNXCJNL4PTPUQLXISYA
 .text          0x0000000000001320       0x10 /opt/nordic/ncs/v3.2.1/nrfxlib/softdevice_controller/lib/nrf54l/soft-float/libsoftdevice_controller_central.a(libsoftdevice_controller_s123_debug_soft__obfuscated.elf)
                0x0000000000001320                sym_W6QCODUONZ7VOOA5DU2R7RKAJUNWNTC3INZ7OGY
 .text          0x0000000000001330       0x30 /opt/nordic/ncs/v3.2.1/nrfxlib/softdevice_controller/lib/nrf54l/soft-float/libsoftdevice_controller_central.a(libsoftdevice_controller_s123_debug_soft__obfuscated.elf)
                0x0000000000001330                sym_QKSVBALUN2V4XT4OCC56LE75IAYLDFRRIVLBZ2Q
 .text          0x0000000000001360       0x34 /opt/nordic/ncs/v3.2.1/nrfxlib/softdevice_controller/lib/nrf54l/soft-float/libsoftdevice_controller_central.a(libsoftdevice_controller_s123_debug_soft__obfuscated.elf)
                0x0000000000001360                sym_WCOWXKSKBH7DOKKKINFZAPWXKW4NYAUCJWTUKBI
 .text          0x0000000000001394       0x18 /opt/nordic/ncs/v3.2.1/nrfxlib/softdevice_controller/lib/nrf54l/soft-float/libsoftdevice_controller_central.a(libsoftdevice_controller_s123_debug_soft__obfuscated.elf)
                0x0000000000001394                sym_AO3U45UEGFLUPMT565ZR5UWUQUONF5AKILLCT3A
 .text          0x00000000000013ac       0x44 /opt/nordic/ncs/v3.2.1/nrfxlib/softdevice_controller/lib/nrf54l/soft-float/libsoftdevice_controller_central.a(libsoftdevice_controller_s123_debug_soft__obfuscated.elf)
 .text          0x00000000000013f0       0x28 /opt/nordic/ncs/v3.2.1/nrfxlib/softdevice_controller/lib/nrf54l/soft-float/libsoftdevice_controller_central.a(libsoftdevice_controller_s123_debug_soft__obfuscated.elf)
 .text          0x0000000000001418       0x9c /opt/nordic/ncs/v3.2.1/nrfxlib/softdevice_controller/lib/nrf54l/soft-float/libsoftdevice_controller_central.a(libsoftdevice_controller_s123_debug_soft__obfuscated.elf)
 .text          0x00000000000014b4       0xbc /opt/nordic/ncs/v3.2.1/nrfxlib/softdevice_controller/lib/nrf54l/soft-float/libsoftdevice_controller_central.a(libsoftdevice_controller_s123_debug_soft__obfuscated.elf)
 .text          0x0000000000001570       0x18 /opt/nordic/ncs/v3.2.1/nrfxlib/softdevice_controller/lib/nrf54l/soft-float/libsoftdevice_controller_central.a(libsoftdevice_controller_s123_debug_soft__obfuscated.elf)
                0x0000000000001570                sym_BAUTABQSJLBAZ6GNH7KOF4MJMAA6NF7CDAZNOEQ
 .text          0x0000000000001588       0x20 /opt/nordic/ncs/v3.2.1/nrfxlib/softdevice_controller/lib/nrf54l/soft-float/libsoftdevice_controller_central.a(libsoftdevice_controller_s123_debug_soft__obfuscated.elf)
                0x0000000000001588                sym_62DUXM4M5AM4URNPP7IKDX3NCPAODBT4BMADGAY
 .text          0x00000000000015a8       0x3c /opt/nordic/ncs/v3.2.1/nrfxlib/softdevice_controller/lib/nrf54l/soft-float/libsoftdevice_controller_central.a(libsoftdevice_controller_s123_debug_soft__obfuscated.elf)
                0x00000000000015a8                sym_AH5PFWTC7OGNFGHZO3OGQJX75M4BUE2VWXVZZ5A
 .text          0x00000000000015e4        0xc /opt/nordic/ncs/v3.2.1/nrfxlib/softdevice_controller/lib/nrf54l/soft-float/libsoftdevice_controller_central.a(libsoftdevice_controller_s123_debug_soft__obfuscated.elf)
                0x00000000000015e4                sym_RHRHCWPUPZHCOID576WBS7QZ2KAUT2GASS2T3QY
 .text          0x00000000000015f0       0x30 /opt/nordic/ncs/v3.2.1/nrfxlib/softdevice_controller/lib/nrf54l/soft-float/libsoftdevice_controller_central.a(libsoftdevice_controller_s123_debug_soft__obfuscated.elf)
                0x00000000000015f0                sym_YAOI5BW7G2C6EUUY2B4S7A3CWX63A6MP2T3O5KA
 .text          0x0000000000001620       0x24 /opt/nordic/ncs/v3.2.1/nrfxlib/softdevice_controller/lib/nrf54l/soft-float/libsoftdevice_controller_central.a(libsoftdevice_controller_s123_debug_soft__obfuscated.elf)
                0x0000000000001620                sym_2X6ZBBHQKFJV27I6OQZLD4IRAL5JANEGA5N34WA
 .text          0x0000000000001644       0x68 /opt/nordic/ncs/v3.2.1/nrfxlib/softdevice_controller/lib/nrf54l/soft-float/libsoftdevice_controller_central.a(libsoftdevice_controller_s123_debug_soft__obfuscated.elf)
                0x0000000000001644                sym_EV54ITVX6ZJNRIULZTHEWNSCWW5GNYKPCEWELSY
 .text          0x00000000000016ac       0x74 /opt/nordic/ncs/v3.2.1/nrfxlib/softdevice_controller/lib/nrf54l/soft-float/libsoftdevice_controller_central.a(libsoftdevice_controller_s123_debug_soft__obfuscated.elf)
                0x00000000000016ac                sym_GIJNJPFWODT7EMZGJ5C7DGNKPDDXY2MLUHAWNUI
 .text          0x0000000000001720       0x24 /opt/nordic/ncs/v3.2.1/nrfxlib/softdevice_controller/lib/nrf54l/soft-float/libsoftdevice_controller_central.a(libsoftdevice_controller_s123_debug_soft__obfuscated.elf)
                0x0000000000001720                sym_DHR6XELGSD2MHYS7JWGEPSKXD43VLKKJDN33HMA
 .text          0x0000000000001744       0x24 /opt/nordic/ncs/v3.2.1/nrfxlib/softdevice_controller/lib/nrf54l/soft-float/libsoftdevice_controller_central.a(libsoftdevice_controller_s123_debug_soft__obfuscated.elf)
                0x0000000000001744                sym_MYZDSWHZMVTUGPWK7CFFVMNCPRPZBKC3UH2GTLQ
 .text          0x0000000000001768       0x44 /opt/nordic/ncs/v3.2.1/nrfxlib/softdevice_controller/lib/nrf54l/soft-float/libsoftdevice_controller_central.a(libsoftdevice_controller_s123_debug_soft__obfuscated.elf)
                0x0000000000001768                sym_ZIE6EQ2YDF5ZLLLNRMU6NPOFHB7VMBHYMI4646I
 .text          0x00000000000017ac       0x10 /opt/nordic/ncs/v3.2.1/nrfxlib/softdevice_controller/lib/nrf54l/soft-float/libsoftdevice_controller_central.a(libsoftdevice_controller_s123_debug_soft__obfuscated.elf)
                0x00000000000017ac                sym_JANNQMW3JZGYLNSOPAA2HBYBA6JBSX4W7VBR56Q
 .text          0x00000000000017bc       0x20 /opt/nordic/ncs/v3.2.1/nrfxlib/softdevice_controller/lib/nrf54l/soft-float/libsoftdevice_controller_central.a(libsoftdevice_controller_s123_debug_soft__obfuscated.elf)
                0x00000000000017bc                sym_MAOKHHVPGVT23KVRN33B7KPEJU6F55EB66KOGDQ
 .text          0x00000000000017dc       0x20 /opt/nordic/ncs/v3.2.1/nrfxlib/softdevice_controller/lib/nrf54l/soft-float/libsoftdevice_controller_central.a(libsoftdevice_controller_s123_debug_soft__obfuscated.elf)
                0x00000000000017dc                sym_S635TH4ZNECIWRKFWYBUXBZ3GFP7WORE4PRXDPQ
 .text          0x00000000000017fc       0x10 /opt/nordic/ncs/v3.2.1/nrfxlib/softdevice_controller/lib/nrf54l/soft-float/libsoftdevice_controller_central.a(libsoftdevice_controller_s123_debug_soft__obfuscated.elf)
 .text          0x000000000000180c      0x15c /opt/nordic/ncs/v3.2.1/nrfxlib/softdevice_controller/lib/nrf54l/soft-float/libsoftdevice_controller_central.a(libsoftdevice_controller_s123_debug_soft__obfuscated.elf)
 .text          0x0000000000001968       0x58 /opt/nordic/ncs/v3.2.1/nrfxlib/softdevice_controller/lib/nrf54l/soft-float/libsoftdevice_controller_central.a(libsoftdevice_controller_s123_debug_soft__obfuscated.elf)
 .text          0x00000000000019c0       0x28 /opt/nordic/ncs/v3.2.1/nrfxlib/softdevice_controller/lib/nrf54l/soft-float/libsoftdevice_controller_central.a(libsoftdevice_controller_s123_debug_soft__obfuscated.elf)
                0x00000000000019c0                sym_VKBDHCW5KWYFAEZJJBKQNHH4JDURIHHEJCK4SOA
 .text          0x00000000000019e8       0x14 /opt/nordic/ncs/v3.2.1/nrfxlib/softdevice_controller/lib/nrf54l/soft-float/libsoftdevice_controller_central.a(libsoftdevice_controller_s123_debug_soft__obfuscated.elf)
                0x00000000000019e8                sym_JKMI2SFC2N7KXC6XI6ZEAONO7SV2US6LWEISHOY
 .text          0x00000000000019fc        0xc /opt/nordic/ncs/v3.2.1/nrfxlib/softdevice_controller/lib/nrf54l/soft-float/libsoftdevice_controller_central.a(libsoftdevice_controller_s123_debug_soft__obfuscated.elf)
                0x00000000000019fc                sym_LZWMHZYOCOZFEZM63EFTHCONDNYRE5YDAMU6QDQ
 .text          0x0000000000001a08       0x24 /opt/nordic/ncs/v3.2.1/nrfxlib/softdevice_controller/lib/nrf54l/soft-float/libsoftdevice_controller_central.a(libsoftdevice_controller_s123_debug_soft__obfuscated.elf)
                0x0000000000001a08                sym_XOOTGCSEAKA3PUKZW3QYB4DCVC2FKUP2TS5AZ5Q
 .text          0x0000000000001a2c       0x24 /opt/nordic/ncs/v3.2.1/nrfxlib/softdevice_controller/lib/nrf54l/soft-float/libsoftdevice_controller_central.a(libsoftdevice_controller_s123_debug_soft__obfuscated.elf)
                0x0000000000001a2c                sym_XYMSM3YEXEOTUFIX3SPRBT27O44DJZKZVLNHELY
 .text          0x0000000000001a50       0x24 /opt/nordic/ncs/v3.2.1/nrfxlib/softdevice_controller/lib/nrf54l/soft-float/libsoftdevice_controller_central.a(libsoftdevice_controller_s123_debug_soft__obfuscated.elf)
                0x0000000000001a50                sym_NJ23GB56DKRDWNC3A6OFPLEADGH3SOLDHUUSOYQ
 .text          0x0000000000001a74       0x30 /opt/nordic/ncs/v3.2.1/nrfxlib/softdevice_controller/lib/nrf54l/soft-float/libsoftdevice_controller_central.a(libsoftdevice_controller_s123_debug_soft__obfuscated.elf)
                0x0000000000001a74                sym_7LZ5OF5UTH4WGXV6IKS6GUUHKYRIWQTTIJXNBEY
 .text          0x0000000000001aa4       0x34 /opt/nordic/ncs/v3.2.1/nrfxlib/softdevice_controller/lib/nrf54l/soft-float/libsoftdevice_controller_central.a(libsoftdevice_controller_s123_debug_soft__obfuscated.elf)
                0x0000000000001aa4                sym_77ICNIHY2R2L3JRP4ZLMOWZSS3UZRKJXJOBWTWI
 .text          0x0000000000001ad8       0x84 /opt/nordic/ncs/v3.2.1/nrfxlib/softdevice_controller/lib/nrf54l/soft-float/libsoftdevice_controller_central.a(libsoftdevice_controller_s123_debug_soft__obfuscated.elf)
 .text          0x0000000000001b5c       0x24 /opt/nordic/ncs/v3.2.1/nrfxlib/softdevice_controller/lib/nrf54l/soft-float/libsoftdevice_controller_central.a(libsoftdevice_controller_s123_debug_soft__obfuscated.elf)
                0x0000000000001b5c                sym_ECAFXV3NMZ2THIWY27PTYY6WSGFWQJNAJOG5HIY
 .text          0x0000000000001b80        0xc /opt/nordic/ncs/v3.2.1/nrfxlib/softdevice_controller/lib/nrf54l/soft-float/libsoftdevice_controller_central.a(libsoftdevice_controller_s123_debug_soft__obfuscated.elf)
                0x0000000000001b80                sym_FKU5SDIGNJ3CUR3VYEELCK5CK3EK42NLF7KQXSQ
 .text          0x0000000000001b8c        0xc /opt/nordic/ncs/v3.2.1/nrfxlib/softdevice_controller/lib/nrf54l/soft-float/libsoftdevice_controller_central.a(libsoftdevice_controller_s123_debug_soft__obfuscated.elf)
                0x0000000000001b8c                sym_P52EVHQKGJ5EMXHU27BFVEFSO6ZMLSI4P52LQDA
 .text          0x0000000000001b98       0x18 /opt/nordic/ncs/v3.2.1/nrfxlib/softdevice_controller/lib/nrf54l/soft-float/libsoftdevice_controller_central.a(libsoftdevice_controller_s123_debug_soft__obfuscated.elf)
                0x0000000000001b98                sym_GWAYX66NWSVNQ3OHE5BQRMOI6IRTYM6NL6TBSRQ
 .text          0x0000000000001bb0       0x3c /opt/nordic/ncs/v3.2.1/nrfxlib/softdevice_controller/lib/nrf54l/soft-float/libsoftdevice_controller_central.a(libsoftdevice_controller_s123_debug_soft__obfuscated.elf)
                0x0000000000001bb0                sym_ZKPLK624IRELGER42R2ZHKGWJUXMU6RHHHTNAQY
 .text          0x0000000000001bec       0x50 /opt/nordic/ncs/v3.2.1/nrfxlib/softdevice_controller/lib/nrf54l/soft-float/libsoftdevice_controller_central.a(libsoftdevice_controller_s123_debug_soft__obfuscated.elf)
                0x0000000000001bec                sym_O6XGUO2YE6EJZ7P2GIXT7NMMWYUEBQ4F3KREAXA
 .text          0x0000000000001c3c       0x14 /opt/nordic/ncs/v3.2.1/nrfxlib/softdevice_controller/lib/nrf54l/soft-float/libsoftdevice_controller_central.a(libsoftdevice_controller_s123_debug_soft__obfuscated.elf)
                0x0000000000001c3c                sym_WVUR7FIOL24MFCJHZIBLTPA7O44X57VSRLSLAPQ
 .text          0x0000000000001c50       0x34 /opt/nordic/ncs/v3.2.1/nrfxlib/softdevice_controller/lib/nrf54l/soft-float/libsoftdevice_controller_central.a(libsoftdevice_controller_s123_debug_soft__obfuscated.elf)
                0x0000000000001c50                sym_JEWVWUVPPBKFY6NTG3STLQ3KWMWEBIH34A75HKI
 .text          0x0000000000001c84       0x44 /opt/nordic/ncs/v3.2.1/nrfxlib/softdevice_controller/lib/nrf54l/soft-float/libsoftdevice_controller_central.a(libsoftdevice_controller_s123_debug_soft__obfuscated.elf)
                0x0000000000001c84                sym_LFMV7ZPMP2MCCNFNC4U7QQJ547VTI3Z5P2EL4WQ
 .text          0x0000000000001cc8       0x10 /opt/nordic/ncs/v3.2.1/nrfxlib/softdevice_controller/lib/nrf54l/soft-float/libsoftdevice_controller_central.a(libsoftdevice_controller_s123_debug_soft__obfuscated.elf)
 .text          0x0000000000001cd8       0x10 /opt/nordic/ncs/v3.2.1/nrfxlib/softdevice_controller/lib/nrf54l/soft-float/libsoftdevice_controller_central.a(libsoftdevice_controller_s123_debug_soft__obfuscated.elf)
 .text          0x0000000000001ce8       0x10 /opt/nordic/ncs/v3.2.1/nrfxlib/softdevice_controller/lib/nrf54l/soft-float/libsoftdevice_controller_central.a(libsoftdevice_controller_s123_debug_soft__obfuscated.elf)
 .text          0x0000000000001cf8       0x44 /opt/nordic/ncs/v3.2.1/nrfxlib/softdevice_controller/lib/nrf54l/soft-float/libsoftdevice_controller_central.a(libsoftdevice_controller_s123_debug_soft__obfuscated.elf)
 .text          0x0000000000001d3c       0xb4 /opt/nordic/ncs/v3.2.1/nrfxlib/softdevice_controller/lib/nrf54l/soft-float/libsoftdevice_controller_central.a(libsoftdevice_controller_s123_debug_soft__obfuscated.elf)
 .text          0x0000000000001df0       0x24 /opt/nordic/ncs/v3.2.1/nrfxlib/softdevice_controller/lib/nrf54l/soft-float/libsoftdevice_controller_central.a(libsoftdevice_controller_s123_debug_soft__obfuscated.elf)
 .text          0x0000000000001e14       0x8c /opt/nordic/ncs/v3.2.1/nrfxlib/softdevice_controller/lib/nrf54l/soft-float/libsoftdevice_controller_central.a(libsoftdevice_controller_s123_debug_soft__obfuscated.elf)
 .text          0x0000000000001ea0       0x3c /opt/nordic/ncs/v3.2.1/nrfxlib/softdevice_controller/lib/nrf54l/soft-float/libsoftdevice_controller_central.a(libsoftdevice_controller_s123_debug_soft__obfuscated.elf)
 .text          0x0000000000001edc       0x1c /opt/nordic/ncs/v3.2.1/nrfxlib/softdevice_controller/lib/nrf54l/soft-float/libsoftdevice_controller_central.a(libsoftdevice_controller_s123_debug_soft__obfuscated.elf)
 .text          0x0000000000001ef8       0x20 /opt/nordic/ncs/v3.2.1/nrfxlib/softdevice_controller/lib/nrf54l/soft-float/libsoftdevice_controller_central.a(libsoftdevice_controller_s123_debug_soft__obfuscated.elf)
 .text          0x0000000000001f18       0x48 /opt/nordic/ncs/v3.2.1/nrfxlib/softdevice_controller/lib/nrf54l/soft-float/libsoftdevice_controller_central.a(libsoftdevice_controller_s123_debug_soft__obfuscated.elf)
 .text          0x0000000000001f60       0xc8 /opt/nordic/ncs/v3.2.1/nrfxlib/softdevice_controller/lib/nrf54l/soft-float/libsoftdevice_controller_central.a(libsoftdevice_controller_s123_debug_soft__obfuscated.elf)
 .text          0x0000000000002028       0xf8 /opt/nordic/ncs/v3.2.1/nrfxlib/softdevice_controller/lib/nrf54l/soft-float/libsoftdevice_controller_central.a(libsoftdevice_controller_s123_debug_soft__obfuscated.elf)
 .text          0x0000000000002120      0x188 /opt/nordic/ncs/v3.2.1/nrfxlib/softdevice_controller/lib/nrf54l/soft-float/libsoftdevice_controller_central.a(libsoftdevice_controller_s123_debug_soft__obfuscated.elf)
 .text          0x00000000000022a8       0x38 /opt/nordic/ncs/v3.2.1/nrfxlib/softdevice_controller/lib/nrf54l/soft-float/libsoftdevice_controller_central.a(libsoftdevice_controller_s123_debug_soft__obfuscated.elf)
 .text          0x00000000000022e0      0x49c /opt/nordic/ncs/v3.2.1/nrfxlib/softdevice_controller/lib/nrf54l/soft-float/libsoftdevice_controller_central.a(libsoftdevice_controller_s123_debug_soft__obfuscated.elf)
 .text          0x000000000000277c       0x64 /opt/nordic/ncs/v3.2.1/nrfxlib/softdevice_controller/lib/nrf54l/soft-float/libsoftdevice_controller_central.a(libsoftdevice_controller_s123_debug_soft__obfuscated.elf)
                0x000000000000277c                sym_NN7F2AFPNY6STZCCSXFBV5372QVP4U2ULKNO6YY
 .text          0x00000000000027e0       0x10 /opt/nordic/ncs/v3.2.1/nrfxlib/softdevice_controller/lib/nrf54l/soft-float/libsoftdevice_controller_central.a(libsoftdevice_controller_s123_debug_soft__obfuscated.elf)
                0x00000000000027e0                sym_NMZIVYO7OGKV6EPWB3U2ZSNCJRLWT2HQRLXCNFQ
 .text          0x00000000000027f0       0x28 /opt/nordic/ncs/v3.2.1/nrfxlib/softdevice_controller/lib/nrf54l/soft-float/libsoftdevice_controller_central.a(libsoftdevice_controller_s123_debug_soft__obfuscated.elf)
                0x00000000000027f0                sym_KTO2H4NDIYSSQUUKE3NMMN4YAJAKAHZE3TQVHOY
 .text          0x0000000000002818       0x68 /opt/nordic/ncs/v3.2.1/nrfxlib/softdevice_controller/lib/nrf54l/soft-float/libsoftdevice_controller_central.a(libsoftdevice_controller_s123_debug_soft__obfuscated.elf)
                0x0000000000002818                sym_CAWX7VFIWXNZLGUALKXHPOWKG5OUKQTCDAWDIJQ
 .text          0x0000000000002880        0xc /opt/nordic/ncs/v3.2.1/nrfxlib/softdevice_controller/lib/nrf54l/soft-float/libsoftdevice_controller_central.a(libsoftdevice_controller_s123_debug_soft__obfuscated.elf)
                0x0000000000002880                sym_SPOA75Q2J6LVU6OSBDIHNSVXF4UIA7YYLMJNW6Y
 .text          0x000000000000288c       0x20 /opt/nordic/ncs/v3.2.1/nrfxlib/softdevice_controller/lib/nrf54l/soft-float/libsoftdevice_controller_central.a(libsoftdevice_controller_s123_debug_soft__obfuscated.elf)
 .text          0x00000000000028ac      0x12c /opt/nordic/ncs/v3.2.1/nrfxlib/softdevice_controller/lib/nrf54l/soft-float/libsoftdevice_controller_central.a(libsoftdevice_controller_s123_debug_soft__obfuscated.elf)
 .text          0x00000000000029d8      0x15c /opt/nordic/ncs/v3.2.1/nrfxlib/softdevice_controller/lib/nrf54l/soft-float/libsoftdevice_controller_central.a(libsoftdevice_controller_s123_debug_soft__obfuscated.elf)
 .text          0x0000000000002b34       0x24 /opt/nordic/ncs/v3.2.1/nrfxlib/softdevice_controller/lib/nrf54l/soft-float/libsoftdevice_controller_central.a(libsoftdevice_controller_s123_debug_soft__obfuscated.elf)
                0x0000000000002b34                sym_MZZ5CJE5YKBRI3UNENSSXM3SF3FKPPVI2OL74NY
 .text          0x0000000000002b58       0x14 /opt/nordic/ncs/v3.2.1/nrfxlib/softdevice_controller/lib/nrf54l/soft-float/libsoftdevice_controller_central.a(libsoftdevice_controller_s123_debug_soft__obfuscated.elf)
                0x0000000000002b58                sym_OMWXBZW422C6DKXO7GJC4CUO6XR5IIZSWYHWWEY
 .text          0x0000000000002b6c       0x54 /opt/nordic/ncs/v3.2.1/nrfxlib/softdevice_controller/lib/nrf54l/soft-float/libsoftdevice_controller_central.a(libsoftdevice_controller_s123_debug_soft__obfuscated.elf)
                0x0000000000002b6c                sym_64JITM2GCO5TNL2C5JQR6XU5LLQ4EW7FBY3YW4Y
 .text          0x0000000000002bc0       0x1c /opt/nordic/ncs/v3.2.1/nrfxlib/softdevice_controller/lib/nrf54l/soft-float/libsoftdevice_controller_central.a(libsoftdevice_controller_s123_debug_soft__obfuscated.elf)
                0x0000000000002bc0                sym_23XPTURR4DW4ZQPJM5PC7AK46H5FSWTLTCCARJI
 .text          0x0000000000002bdc      0x360 /opt/nordic/ncs/v3.2.1/nrfxlib/softdevice_controller/lib/nrf54l/soft-float/libsoftdevice_controller_central.a(libsoftdevice_controller_s123_debug_soft__obfuscated.elf)
 .text          0x0000000000002f3c       0x5c /opt/nordic/ncs/v3.2.1/nrfxlib/softdevice_controller/lib/nrf54l/soft-float/libsoftdevice_controller_central.a(libsoftdevice_controller_s123_debug_soft__obfuscated.elf)
                0x0000000000002f3c                sym_FOQ3QPGOR6JQQMW2UGNYKWNNYYOKZLMCFF3HUQI
 .text          0x0000000000002f98       0x2c /opt/nordic/ncs/v3.2.1/nrfxlib/softdevice_controller/lib/nrf54l/soft-float/libsoftdevice_controller_central.a(libsoftdevice_controller_s123_debug_soft__obfuscated.elf)
                0x0000000000002f98                sym_4SBBLL64WWP4ZG5OZI4AZRNE5QSDGST5WG4LTOA
 .text          0x0000000000002fc4       0x88 /opt/nordic/ncs/v3.2.1/nrfxlib/softdevice_controller/lib/nrf54l/soft-float/libsoftdevice_controller_central.a(libsoftdevice_controller_s123_debug_soft__obfuscated.elf)
 .text          0x000000000000304c       0x10 /opt/nordic/ncs/v3.2.1/nrfxlib/softdevice_controller/lib/nrf54l/soft-float/libsoftdevice_controller_central.a(libsoftdevice_controller_s123_debug_soft__obfuscated.elf)
                0x000000000000304c                sym_R2R62GLIY7S3OCJMRDPIB4TBZFUG2AN7TI7ERPI
 .text          0x000000000000305c        0xc /opt/nordic/ncs/v3.2.1/nrfxlib/softdevice_controller/lib/nrf54l/soft-float/libsoftdevice_controller_central.a(libsoftdevice_controller_s123_debug_soft__obfuscated.elf)
                0x000000000000305c                sym_O5ZKMVYIIKH3EAJRECXZFOUFXDW4MCMBS67KZZI
 .text          0x0000000000003068       0x20 /opt/nordic/ncs/v3.2.1/nrfxlib/softdevice_controller/lib/nrf54l/soft-float/libsoftdevice_controller_central.a(libsoftdevice_controller_s123_debug_soft__obfuscated.elf)
 .text          0x0000000000003088       0x14 /opt/nordic/ncs/v3.2.1/nrfxlib/softdevice_controller/lib/nrf54l/soft-float/libsoftdevice_controller_central.a(libsoftdevice_controller_s123_debug_soft__obfuscated.elf)
                0x0000000000003088                sym_LOTFHGQTFUFWGX7HOTL4Q2XATGIJRVIMCMOYRMA
 .text          0x000000000000309c       0x64 /opt/nordic/ncs/v3.2.1/nrfxlib/softdevice_controller/lib/nrf54l/soft-float/libsoftdevice_controller_central.a(libsoftdevice_controller_s123_debug_soft__obfuscated.elf)
                0x000000000000309c                sym_MDF364N4PQDEA5ZGP5CB3ZDZVZM5Q32KSEZZ5HI
 .text          0x0000000000003100       0x58 /opt/nordic/ncs/v3.2.1/nrfxlib/softdevice_controller/lib/nrf54l/soft-float/libsoftdevice_controller_central.a(libsoftdevice_controller_s123_debug_soft__obfuscated.elf)
                0x0000000000003100                sym_XCEN5K7VEI2CAO42XW7S3FKM3HKMOCDCUFDX25Y
 .text          0x0000000000003158       0x6c /opt/nordic/ncs/v3.2.1/nrfxlib/softdevice_controller/lib/nrf54l/soft-float/libsoftdevice_controller_central.a(libsoftdevice_controller_s123_debug_soft__obfuscated.elf)
                0x0000000000003158                sym_5DEPI2OGSPXE5OVFBPVFPSPYPRYUQ54QVVXIKNI
 .text          0x00000000000031c4       0x34 /opt/nordic/ncs/v3.2.1/nrfxlib/softdevice_controller/lib/nrf54l/soft-float/libsoftdevice_controller_central.a(libsoftdevice_controller_s123_debug_soft__obfuscated.elf)
                0x00000000000031c4                sym_KZ5CVONZGMGIGNMI7YD6HLN3FXAAJK6OMEJW6BQ
 .text          0x00000000000031f8       0x20 /opt/nordic/ncs/v3.2.1/nrfxlib/softdevice_controller/lib/nrf54l/soft-float/libsoftdevice_controller_central.a(libsoftdevice_controller_s123_debug_soft__obfuscated.elf)
                0x00000000000031f8                sym_ZQHB3ANU2DANFLJZLZL5U4SPQ2ZDVUAHI35744Y
 .text          0x0000000000003218       0x3c /opt/nordic/ncs/v3.2.1/nrfxlib/softdevice_controller/lib/nrf54l/soft-float/libsoftdevice_controller_central.a(libsoftdevice_controller_s123_debug_soft__obfuscated.elf)
 .text          0x0000000000003254       0x10 /opt/nordic/ncs/v3.2.1/nrfxlib/softdevice_controller/lib/nrf54l/soft-float/libsoftdevice_controller_central.a(libsoftdevice_controller_s123_debug_soft__obfuscated.elf)
                0x0000000000003254                sym_TRMXENGHOH4VBQQZPIN222FLCEFU3Z3CD5C47DY
 .text          0x0000000000003264       0x1c /opt/nordic/ncs/v3.2.1/nrfxlib/softdevice_controller/lib/nrf54l/soft-float/libsoftdevice_controller_central.a(libsoftdevice_controller_s123_debug_soft__obfuscated.elf)
                0x0000000000003264                sym_VIDE7XVSTT4HHX2MQJX6VUVABAKVNGIPRTLRLEQ
 .text          0x0000000000003280       0x34 /opt/nordic/ncs/v3.2.1/nrfxlib/softdevice_controller/lib/nrf54l/soft-float/libsoftdevice_controller_central.a(libsoftdevice_controller_s123_debug_soft__obfuscated.elf)
 .text          0x00000000000032b4       0x34 /opt/nordic/ncs/v3.2.1/nrfxlib/softdevice_controller/lib/nrf54l/soft-float/libsoftdevice_controller_central.a(libsoftdevice_controller_s123_debug_soft__obfuscated.elf)
                0x00000000000032b4                sym_XPKSFPKFBNSTZZU4FUMGC3XRHAVS24BBL53HRMA
 .text          0x00000000000032e8       0x44 /opt/nordic/ncs/v3.2.1/nrfxlib/softdevice_controller/lib/nrf54l/soft-float/libsoftdevice_controller_central.a(libsoftdevice_controller_s123_debug_soft__obfuscated.elf)
                0x00000000000032e8                sym_6Q45YYTUN2KDQ5V5UGE3T2LTI5FNGX6WIJYLIDI
 .text          0x000000000000332c       0x10 /opt/nordic/ncs/v3.2.1/nrfxlib/softdevice_controller/lib/nrf54l/soft-float/libsoftdevice_controller_central.a(libsoftdevice_controller_s123_debug_soft__obfuscated.elf)
                0x000000000000332c                sym_VZTCNK7LPLGUYYITUFBRKT7IMIMSPIN7PNNZ2FA
 .text          0x000000000000333c       0x28 /opt/nordic/ncs/v3.2.1/nrfxlib/softdevice_controller/lib/nrf54l/soft-float/libsoftdevice_controller_central.a(libsoftdevice_controller_s123_debug_soft__obfuscated.elf)
                0x000000000000333c                sym_4QZZGSV4Q73MRWLGT2JUIEO54MWVQREPXC6OEZI
 .text          0x0000000000003364       0x34 /opt/nordic/ncs/v3.2.1/nrfxlib/softdevice_controller/lib/nrf54l/soft-float/libsoftdevice_controller_central.a(libsoftdevice_controller_s123_debug_soft__obfuscated.elf)
                0x0000000000003364                sym_7PGC4MOVTGXGCSJIIZLK7LXVVTIMRADTYZRCCLY
 .text          0x0000000000003398       0x34 /opt/nordic/ncs/v3.2.1/nrfxlib/softdevice_controller/lib/nrf54l/soft-float/libsoftdevice_controller_central.a(libsoftdevice_controller_s123_debug_soft__obfuscated.elf)
                0x0000000000003398                sym_TPGZXEEC7E4AAOPPZUXN6Z5FKNO7FYNLY6SIXUY
 .text          0x00000000000033cc       0x20 /opt/nordic/ncs/v3.2.1/nrfxlib/softdevice_controller/lib/nrf54l/soft-float/libsoftdevice_controller_central.a(libsoftdevice_controller_s123_debug_soft__obfuscated.elf)
 .text          0x00000000000033ec       0x10 /opt/nordic/ncs/v3.2.1/nrfxlib/softdevice_controller/lib/nrf54l/soft-float/libsoftdevice_controller_central.a(libsoftdevice_controller_s123_debug_soft__obfuscated.elf)
 .text          0x00000000000033fc       0x58 /opt/nordic/ncs/v3.2.1/nrfxlib/softdevice_controller/lib/nrf54l/soft-float/libsoftdevice_controller_central.a(libsoftdevice_controller_s123_debug_soft__obfuscated.elf)
 .text          0x0000000000003454       0x30 /opt/nordic/ncs/v3.2.1/nrfxlib/softdevice_controller/lib/nrf54l/soft-float/libsoftdevice_controller_central.a(libsoftdevice_controller_s123_debug_soft__obfuscated.elf)
 .text          0x0000000000003484       0x60 /opt/nordic/ncs/v3.2.1/nrfxlib/softdevice_controller/lib/nrf54l/soft-float/libsoftdevice_controller_central.a(libsoftdevice_controller_s123_debug_soft__obfuscated.elf)
 .text          0x00000000000034e4       0x50 /opt/nordic/ncs/v3.2.1/nrfxlib/softdevice_controller/lib/nrf54l/soft-float/libsoftdevice_controller_central.a(libsoftdevice_controller_s123_debug_soft__obfuscated.elf)
 .text          0x0000000000003534       0x38 /opt/nordic/ncs/v3.2.1/nrfxlib/softdevice_controller/lib/nrf54l/soft-float/libsoftdevice_controller_central.a(libsoftdevice_controller_s123_debug_soft__obfuscated.elf)
 .text          0x000000000000356c       0x34 /opt/nordic/ncs/v3.2.1/nrfxlib/softdevice_controller/lib/nrf54l/soft-float/libsoftdevice_controller_central.a(libsoftdevice_controller_s123_debug_soft__obfuscated.elf)
 .text          0x00000000000035a0       0x5c /opt/nordic/ncs/v3.2.1/nrfxlib/softdevice_controller/lib/nrf54l/soft-float/libsoftdevice_controller_central.a(libsoftdevice_controller_s123_debug_soft__obfuscated.elf)
 .text          0x00000000000035fc      0x130 /opt/nordic/ncs/v3.2.1/nrfxlib/softdevice_controller/lib/nrf54l/soft-float/libsoftdevice_controller_central.a(libsoftdevice_controller_s123_debug_soft__obfuscated.elf)
 .text          0x000000000000372c       0x18 /opt/nordic/ncs/v3.2.1/nrfxlib/softdevice_controller/lib/nrf54l/soft-float/libsoftdevice_controller_central.a(libsoftdevice_controller_s123_debug_soft__obfuscated.elf)
                0x000000000000372c                sym_RUQBFILZ5CHV2AAL6C3D2J5Y33TCCAPZTHBGZ3A
 .text          0x0000000000003744       0x10 /opt/nordic/ncs/v3.2.1/nrfxlib/softdevice_controller/lib/nrf54l/soft-float/libsoftdevice_controller_central.a(libsoftdevice_controller_s123_debug_soft__obfuscated.elf)
                0x0000000000003744                sym_DRIMECVE2FH7O6C2LQ25QRVJOICPHLA5GC6TM2I
 .text          0x0000000000003754       0x38 /opt/nordic/ncs/v3.2.1/nrfxlib/softdevice_controller/lib/nrf54l/soft-float/libsoftdevice_controller_central.a(libsoftdevice_controller_s123_debug_soft__obfuscated.elf)
                0x0000000000003754                sym_RSWA3KDPDNEX2QOFCEQGJOF7JZOR274BWTEY2JA
 .text          0x000000000000378c       0x48 /opt/nordic/ncs/v3.2.1/nrfxlib/softdevice_controller/lib/nrf54l/soft-float/libsoftdevice_controller_central.a(libsoftdevice_controller_s123_debug_soft__obfuscated.elf)
                0x000000000000378c                sym_5M4NZWSJ6BHHJZLT6EUU64HNZ2KEYYSTH2RKH5I
 .text          0x00000000000037d4       0x64 /opt/nordic/ncs/v3.2.1/nrfxlib/softdevice_controller/lib/nrf54l/soft-float/libsoftdevice_controller_central.a(libsoftdevice_controller_s123_debug_soft__obfuscated.elf)
                0x00000000000037d4                sym_5CHOZAQ75MOW32NPEGX5AYLDFVQR6HZCDXZY5PQ
 .text          0x0000000000003838       0xb8 /opt/nordic/ncs/v3.2.1/nrfxlib/softdevice_controller/lib/nrf54l/soft-float/libsoftdevice_controller_central.a(libsoftdevice_controller_s123_debug_soft__obfuscated.elf)
                0x0000000000003838                sym_JQ5GTNCJKXERB3SSKQRXLQOKWJQVRNEOVZZZVXI
 .text          0x00000000000038f0        0xc /opt/nordic/ncs/v3.2.1/nrfxlib/softdevice_controller/lib/nrf54l/soft-float/libsoftdevice_controller_central.a(libsoftdevice_controller_s123_debug_soft__obfuscated.elf)
                0x00000000000038f0                sym_HE5JGYEZFIITGQL7PMATDHSORSCK7HJIY5UXOZA
 .text          0x00000000000038fc       0x14 /opt/nordic/ncs/v3.2.1/nrfxlib/softdevice_controller/lib/nrf54l/soft-float/libsoftdevice_controller_central.a(libsoftdevice_controller_s123_debug_soft__obfuscated.elf)
                0x00000000000038fc                sym_YLRTPBVG5ROXKOW4KXUYITRUY3FD2MVZW5LF7ZA
 .text          0x0000000000003910       0x1c /opt/nordic/ncs/v3.2.1/nrfxlib/softdevice_controller/lib/nrf54l/soft-float/libsoftdevice_controller_central.a(libsoftdevice_controller_s123_debug_soft__obfuscated.elf)
                0x0000000000003910                sym_ZQE76VUU7S5U7DETTZA65E75LHFWL5PGRN4JPHI
 .text          0x000000000000392c       0x38 /opt/nordic/ncs/v3.2.1/nrfxlib/softdevice_controller/lib/nrf54l/soft-float/libsoftdevice_controller_central.a(libsoftdevice_controller_s123_debug_soft__obfuscated.elf)
                0x000000000000392c                sym_GVSNNBZMBIJOMUA3FPIAVVC7S5MNBYUF4QELXZA
 .text          0x0000000000003964       0xe0 /opt/nordic/ncs/v3.2.1/nrfxlib/softdevice_controller/lib/nrf54l/soft-float/libsoftdevice_controller_central.a(libsoftdevice_controller_s123_debug_soft__obfuscated.elf)
                0x0000000000003964                sym_6PPYXQQOLTVZ6DHASA45P4Y6MOJ5US37OHECCGI
 .text          0x0000000000003a44       0x28 /opt/nordic/ncs/v3.2.1/nrfxlib/softdevice_controller/lib/nrf54l/soft-float/libsoftdevice_controller_central.a(libsoftdevice_controller_s123_debug_soft__obfuscated.elf)
                0x0000000000003a44                sym_E7IS652W2J5N5UTHP752WOA4YNSR7E5S5H4J2AA
 .text          0x0000000000003a6c       0xac /opt/nordic/ncs/v3.2.1/nrfxlib/softdevice_controller/lib/nrf54l/soft-float/libsoftdevice_controller_central.a(libsoftdevice_controller_s123_debug_soft__obfuscated.elf)
                0x0000000000003a6c                sym_A5S3P57NWYYY5XJWBYERU6H4QSVP5TCTU7HKA5Y
 .text          0x0000000000003b18       0xa8 /opt/nordic/ncs/v3.2.1/nrfxlib/softdevice_controller/lib/nrf54l/soft-float/libsoftdevice_controller_central.a(libsoftdevice_controller_s123_debug_soft__obfuscated.elf)
                0x0000000000003b18                sym_2YSDS7VWGMSD5CN64D2VGQIYXBV3A6NJCHWFZEY
 .text          0x0000000000003bc0        0xc /opt/nordic/ncs/v3.2.1/nrfxlib/softdevice_controller/lib/nrf54l/soft-float/libsoftdevice_controller_central.a(libsoftdevice_controller_s123_debug_soft__obfuscated.elf)
                0x0000000000003bc0                sym_XD56LJG2JTRU4Q2V7WCY72EI3VTZICA3O4ERV2A
 .text          0x0000000000003bcc       0x10 /opt/nordic/ncs/v3.2.1/nrfxlib/softdevice_controller/lib/nrf54l/soft-float/libsoftdevice_controller_central.a(libsoftdevice_controller_s123_debug_soft__obfuscated.elf)
                0x0000000000003bcc                sym_YG4UROEKVB7ZBE5TWHLNJHYKSFBTXGBYAX3RXRI
 .text          0x0000000000003bdc       0x38 /opt/nordic/ncs/v3.2.1/nrfxlib/softdevice_controller/lib/nrf54l/soft-float/libsoftdevice_controller_central.a(libsoftdevice_controller_s123_debug_soft__obfuscated.elf)
                0x0000000000003bdc                sym_LPFN6QJEOHBT4AP2K7MEYWDZW35U5VHIHXOA54I
 .text          0x0000000000003c14       0x30 /opt/nordic/ncs/v3.2.1/nrfxlib/softdevice_controller/lib/nrf54l/soft-float/libsoftdevice_controller_central.a(libsoftdevice_controller_s123_debug_soft__obfuscated.elf)
                0x0000000000003c14                sym_VQAAPKOYTNBXWM73YG7JTMODY25W7PKP7WAPGJI
 .text          0x0000000000003c44       0x44 /opt/nordic/ncs/v3.2.1/nrfxlib/softdevice_controller/lib/nrf54l/soft-float/libsoftdevice_controller_central.a(libsoftdevice_controller_s123_debug_soft__obfuscated.elf)
                0x0000000000003c44                sym_Y6HXZQJARJ7FDWKGPREPQGRRGDOQMXHDALUK6KY
 .text          0x0000000000003c88       0x18 /opt/nordic/ncs/v3.2.1/nrfxlib/softdevice_controller/lib/nrf54l/soft-float/libsoftdevice_controller_central.a(libsoftdevice_controller_s123_debug_soft__obfuscated.elf)
                0x0000000000003c88                sym_RXYEX777ZXB2E2DXJWDBCV7AAHWTCHNTLOSENBY
 .text          0x0000000000003ca0       0x1c /opt/nordic/ncs/v3.2.1/nrfxlib/softdevice_controller/lib/nrf54l/soft-float/libsoftdevice_controller_central.a(libsoftdevice_controller_s123_debug_soft__obfuscated.elf)
                0x0000000000003ca0                sym_PCLF3MATC3G3MYGRPG4ATMGCS6N4B7M5CSF2C2Y
 .text          0x0000000000003cbc       0x18 /opt/nordic/ncs/v3.2.1/nrfxlib/softdevice_controller/lib/nrf54l/soft-float/libsoftdevice_controller_central.a(libsoftdevice_controller_s123_debug_soft__obfuscated.elf)
                0x0000000000003cbc                sym_EZCFQXKGAFHY5HQVJOXWDLO45XWMEJQY5WUGZNI
 .text          0x0000000000003cd4       0x18 /opt/nordic/ncs/v3.2.1/nrfxlib/softdevice_controller/lib/nrf54l/soft-float/libsoftdevice_controller_central.a(libsoftdevice_controller_s123_debug_soft__obfuscated.elf)
                0x0000000000003cd4                sym_2GNBSSSS7HPV6RZQ52VFCGRXSPA3KLWISQSF42I
 .text          0x0000000000003cec      0x224 /opt/nordic/ncs/v3.2.1/nrfxlib/softdevice_controller/lib/nrf54l/soft-float/libsoftdevice_controller_central.a(libsoftdevice_controller_s123_debug_soft__obfuscated.elf)
                0x0000000000003cec                sym_EMR2H7KEGRFFKS6A4P3ZPPGOJSTVXLGRI25MEYQ
 .text          0x0000000000003f10       0x10 /opt/nordic/ncs/v3.2.1/nrfxlib/softdevice_controller/lib/nrf54l/soft-float/libsoftdevice_controller_central.a(libsoftdevice_controller_s123_debug_soft__obfuscated.elf)
                0x0000000000003f10                sym_V67AIMSO57NYVNGXZF2PDQSJQJLITHU4KD4CKAY
 .text          0x0000000000003f20       0x10 /opt/nordic/ncs/v3.2.1/nrfxlib/softdevice_controller/lib/nrf54l/soft-float/libsoftdevice_controller_central.a(libsoftdevice_controller_s123_debug_soft__obfuscated.elf)
                0x0000000000003f20                sym_UX6VBOIQ7ULLMX3I6UDFOFZ6IT2DVZKKVIEVRMY
 .text          0x0000000000003f30       0xc8 /opt/nordic/ncs/v3.2.1/nrfxlib/softdevice_controller/lib/nrf54l/soft-float/libsoftdevice_controller_central.a(libsoftdevice_controller_s123_debug_soft__obfuscated.elf)
                0x0000000000003f30                sym_L4JTLGMK2AWYAAPRB3O77773SG36X2NTZJ3FAHA
 .text          0x0000000000003ff8       0x1c /opt/nordic/ncs/v3.2.1/nrfxlib/softdevice_controller/lib/nrf54l/soft-float/libsoftdevice_controller_central.a(libsoftdevice_controller_s123_debug_soft__obfuscated.elf)
                0x0000000000003ff8                sym_WD6EQ3FQVKOAARDWHQJJC5SVKHQS7A2MF5YDCPA
 .text          0x0000000000004014       0x18 /opt/nordic/ncs/v3.2.1/nrfxlib/softdevice_controller/lib/nrf54l/soft-float/libsoftdevice_controller_central.a(libsoftdevice_controller_s123_debug_soft__obfuscated.elf)
                0x0000000000004014                sym_WGW6HZ6PNLYQSUJALICWZO27AY5UJWYCU6B6ACI
 .text          0x000000000000402c       0x34 /opt/nordic/ncs/v3.2.1/nrfxlib/softdevice_controller/lib/nrf54l/soft-float/libsoftdevice_controller_central.a(libsoftdevice_controller_s123_debug_soft__obfuscated.elf)
                0x000000000000402c                sym_7VLVVPDI26BVJ64XQBSGXOQYGQA4VH5APIPDGYA
 .text          0x0000000000004060       0x38 /opt/nordic/ncs/v3.2.1/nrfxlib/softdevice_controller/lib/nrf54l/soft-float/libsoftdevice_controller_central.a(libsoftdevice_controller_s123_debug_soft__obfuscated.elf)
                0x0000000000004060                sym_55XNA7W2CQFJPCH62ZAKHLPISYHJ7KMNREEN6EA
 .text          0x0000000000004098       0xa8 /opt/nordic/ncs/v3.2.1/nrfxlib/softdevice_controller/lib/nrf54l/soft-float/libsoftdevice_controller_central.a(libsoftdevice_controller_s123_debug_soft__obfuscated.elf)
                0x0000000000004098                sym_HFZHYA225GOHR3CNLTR6BRDMBVARDCSC72CK2GI
 .text          0x0000000000004140        0xc /opt/nordic/ncs/v3.2.1/nrfxlib/mpsl/fem/common/lib/nrf54l/soft-float/libmpsl_fem_common.a(libmpsl_fem_common_debug_soft__obfuscated.elf)
                0x0000000000004140                mpsl_fem_enable
 .text          0x000000000000414c        0xc /opt/nordic/ncs/v3.2.1/nrfxlib/mpsl/fem/common/lib/nrf54l/soft-float/libmpsl_fem_common.a(libmpsl_fem_common_debug_soft__obfuscated.elf)
                0x000000000000414c                mpsl_fem_disable
 .text          0x0000000000004158        0xc /opt/nordic/ncs/v3.2.1/nrfxlib/mpsl/fem/common/lib/nrf54l/soft-float/libmpsl_fem_common.a(libmpsl_fem_common_debug_soft__obfuscated.elf)
                0x0000000000004158                mpsl_fem_pa_configuration_set
 .text          0x0000000000004164        0xc /opt/nordic/ncs/v3.2.1/nrfxlib/mpsl/fem/common/lib/nrf54l/soft-float/libmpsl_fem_common.a(libmpsl_fem_common_debug_soft__obfuscated.elf)
                0x0000000000004164                mpsl_fem_lna_configuration_set
 .text          0x0000000000004170        0xc /opt/nordic/ncs/v3.2.1/nrfxlib/mpsl/fem/common/lib/nrf54l/soft-float/libmpsl_fem_common.a(libmpsl_fem_common_debug_soft__obfuscated.elf)
                0x0000000000004170                mpsl_fem_pa_configuration_clear
 .text          0x000000000000417c        0xc /opt/nordic/ncs/v3.2.1/nrfxlib/mpsl/fem/common/lib/nrf54l/soft-float/libmpsl_fem_common.a(libmpsl_fem_common_debug_soft__obfuscated.elf)
                0x000000000000417c                mpsl_fem_lna_configuration_clear
 .text          0x0000000000004188        0xc /opt/nordic/ncs/v3.2.1/nrfxlib/mpsl/fem/common/lib/nrf54l/soft-float/libmpsl_fem_common.a(libmpsl_fem_common_debug_soft__obfuscated.elf)
                0x0000000000004188                mpsl_fem_pa_power_control_set
 .text          0x0000000000004194       0x18 /opt/nordic/ncs/v3.2.1/nrfxlib/mpsl/fem/common/lib/nrf54l/soft-float/libmpsl_fem_common.a(libmpsl_fem_common_debug_soft__obfuscated.elf)
                0x0000000000004194                mpsl_fem_tx_power_split
 .text          0x00000000000041ac       0x3c /opt/nordic/ncs/v3.2.1/nrfxlib/mpsl/fem/common/lib/nrf54l/soft-float/libmpsl_fem_common.a(libmpsl_fem_common_debug_soft__obfuscated.elf)
                0x00000000000041ac                mpsl_fem_utils_available_cc_channels_cache
 .text          0x00000000000041e8     0x1c2c /opt/nordic/ncs/v3.2.1/nrfxlib/mpsl/lib/nrf54l/soft-float/libmpsl.a(libmpsl_debug_soft__obfuscated.elf)
                0x00000000000041e8                sym_AZF6WXJCN65YCD7ZAP7TGVQYTJ5FWOMJFQCRXXY
                0x000000000000420c                sym_CPJ4W4WTM2AHPKPYRZYWCYZPFUYYVYJ5VXL6EFA
                0x0000000000004222                sym_HKMCZYQJFPVS7WWBB467IOVE6DXROPF6QTNSZSY
                0x0000000000004226                sym_RKTRVZBVZOE2H7X26CNCGRCK4TXNFDN5CYTLZVI
                0x000000000000422a                sym_3KTET5JKP4AR3IX7SW7L5HD53IYGLZBTMI2ZJDY
                0x000000000000423c                sym_X4EOLDS7HLJRJIC2W2ME75XVHAUB5QNQKLPOW5A
                0x0000000000004240                sym_7XZ7GBQEVTLKCTY6TSRHEGOCEELZ2ECRZJ6DHRI
                0x0000000000004244                sym_SPAHHGRX4AQXQBNMW7NMLLFT4LSP2I3MBEV7CZQ
                0x0000000000004248                sym_K25ZYC6ARN7UUPJQIXPX4BET2ZZRP6QSSPY5TIY
                0x000000000000424c                sym_FLTCU2NBJHDGP4CZTAG4C44PLOPJKDDRVESBARY
                0x0000000000004250                sym_4ZSCFPVIRGDTD4NGS4LSLECDFYBDBG6VVCP7CXI
                0x0000000000004254                sym_MFTJUJNDLHK7EPVYJZ22BWTP6GN3ZEXC37JAHFA
                0x0000000000004274                sym_L3BWYCQWIETVHY7KA4HB4DY5VX35JKUQV3DDRQI
                0x0000000000004284                sym_5UC6I2IFHRSO64HSQBXZGO3KJYKHBIJFZGOJVAQ
                0x0000000000004304                sym_3WNEAT5G5YP2Y26XV3EJMEXLDNBI744C4KPB2PI
                0x0000000000004332                sym_P6UKWXUEG2A2QOVDYCZXLZEWNE6FKCCKUQ7RSXQ
                0x0000000000004384                sym_S45OSIVNKRT2W6NCJGRIJOYNB4AYRQXRU3UVAJI
                0x00000000000043a0                sym_7YM64HZKJSZJ2NGD75BB2X7S77SP5MW3H47NBFQ
                0x00000000000043b0                sym_MORNFPLVOD35HVOQLEWXPTR6NUAMNRBMFKMLOPY
                0x00000000000043d0                sym_VEA3XUXA6JWPVDZO4KUGMREAFE6SS5ISNSUBONI
                0x00000000000043e8                sym_T24WQXZURS7Z5GWHZHR3TQPSU7OKZ2PFAUQ5SIA
                0x0000000000004430                sym_X6U2JLUGAWIZ72KNKHGAHKEQ3BP2EYXSRG3XIVA
                0x0000000000004446                sym_YS5QMY67EQOG5UFK2L2RHT55PBWZXI73ZB7ALUA
                0x0000000000004468                sym_CRE2QWRQ3K2HPKTULCVLC7KROLI7YLNX5JECKWI
                0x00000000000044ac                sym_U3GUAL2FG2JRV4SP2VIBBQ2J7NXS7UVZRHJPO4Y
                0x00000000000044be                sym_VFDKZQRJAY62UBZN675F55ZLCNSA6LERZFHLF3Q
                0x000000000000450a                sym_PD2Z7BNFTXXOBRLBAVNH4LWQW5Y3WU4VKQKH2VA
                0x000000000000451c                sym_3ANUE3ADHGWRFBZMW6K55BTJ3Y54PBB56LAZYCA
                0x000000000000452a                sym_IGFWPOUREFVROBJVR4P53OHBIBQSQYQO7JFK4KY
                0x0000000000004530                sym_GWDQS4OG3SPW3SMXVEXLXXHIVGP6G4RZGTJ55ZI
                0x0000000000004534                sym_DCETU5HKNHTQ67HARON3NMO7S3T2ZRZMZY3DKOI
                0x0000000000004538                sym_DSMDVE2VYJNKZZUHFBX5MZNNVD4JSLGOKA4LP2Q
                0x000000000000454a                sym_WBRSPUCFXZHUYDE5KMYTLQRMTVOQVIFQ22GH5AI
                0x000000000000454e                sym_7BY7NC5XFTTBMH5DXW5RNRM7QH4ITUHX3RYQOLI
                0x0000000000004552                sym_VWCQC4A3I3LBNIAAOSCGISP76ESOP4DNE3DCHGI
                0x0000000000004950                sym_NAXHIIDB2OHTHT3Y3H6X2OTPPEM5W7LSTNSI73Q
                0x0000000000004988                sym_FZXH6PXTK5KWK6WPEKSGLFPXJYD52VD5L5YFPCY
                0x00000000000049a0                sym_C5J26E5S2LFIPDPNZOXPD63JBZN57EZGBRF2HIQ
                0x00000000000049b4                sym_ZOPRLHE544AAAOQWETJSYDQQYAWWWJXKNTSNVGA
                0x00000000000049e8                sym_AMBHYXNU7PYNDAKUHUROD5SXBMYJXIUVA52R4VA
                0x00000000000049ea                sym_6QFB7MDKADZ77L2VCGCE3NDXUGZBDHKLHID2BJA
                0x0000000000004a3c                sym_6W3JRFJFKWMHX5TF6XOWKXMCNHQXLMTODZI37OA
                0x0000000000004a68                sym_JV7ILQ3KWGAHJYOG3LBRTREVFC2XKOW6DAXBQEY
                0x0000000000004a88                sym_VYUIG5G7GY35JENLAM47M3J7YIGG7HW6HUGO6KQ
                0x0000000000004ae0                sym_B2V4CDOC44GG7XX3H5MPZLGUPL7TEUR3AYKLLBQ
                0x0000000000004b40                sym_5JCST2ZL2CQUW54F7Y33QYQ7U6G6DOTLZEP3EWY
                0x0000000000004b74                sym_VWNWKQK3PM3PBLDVWENR67TH6FEMRVCKKZSIK2Q
                0x0000000000004c40                sym_DLXZUONX7TTVMDDWXI55YEPP6Q5KBHUTR4JHF5Q
                0x000000000000525c                sym_KDSX7VAZWAC2WT6X7YCMVK4ATDGZ4TEC2EV2SYY
                0x00000000000052a4                sym_3IXWYTL62NHWC237SHWLZ2OF2TW5NMM4SULZS3Q
                0x00000000000052c4                sym_JMUFINQ2ZTLEACYBPPJYZKOXXLILGIDNEIYCRWA
                0x00000000000052ec                sym_HDMVO4M24IIKUBW344PSZFWT25OK2Y3PVJE5WRI
                0x0000000000005308                sym_S4TFNK3WGRXVRRDW5ADPHNU4GFD4F3DVY5ZY6KI
                0x000000000000532c                sym_CYUDWAUG2VYBNAB2X3MWFN66YIYJWWBK3FINVBY
                0x000000000000534c                sym_YG3B2TXGZTCM6KBDWLP4S74MKBRFKP2JB24T3HQ
                0x0000000000005368                sym_E6S7HOMFELNIBFF7WVBBMRGAYP3FKFJEQZB5NWQ
                0x0000000000005384                MPSL_IRQ_TIMER0_Handler
                0x00000000000053a0                MPSL_IRQ_RADIO_Handler
                0x00000000000053bc                sym_H7CLSHW3BPTUSN7LCXDTWPY3F6XXYV3MEQ2IQLI
                0x00000000000053c8                sym_G3XKMK6YL3MTP4PJEB2KZSJIFBUFHOHIA7GBHTY
                0x00000000000053e4                sym_PZMT2YFVODPD5ETUBI5BMG4NL6XGWSMUTZUKPGA
                0x00000000000053f4                sym_S6YNDQBPWWSLDB7LTJPEYQR76RDFWJKOMVQ2DOQ
                0x000000000000546c                sym_LMQUWHTTYJRJRVEA6I7C5KJUVQUYYGQLBF3DIQQ
                0x0000000000005470                sym_OP42AHVHF6EY4BPTL2YHAFHJBJ6O2X37Q3O2KLA
                0x0000000000005474                sym_ZC6NJBPUISWILQK6OTOBMJVVUT63JRIDGH5WNCY
                0x0000000000005488                sym_PIDJEDDM47FHOOZQXISY5YBB3CBP5VAXWPCUL2Q
                0x000000000000548c                sym_IF4TBVJKPFAX3QXRBLEPLHPXVH6FT3QLP5B4VII
                0x000000000000548e                sym_SFR5TVV24PZRIRC5QGOHL2X436PUHKRY2QWKP5Y
                0x00000000000054b8                sym_CFZK3G6ZC4ONUAYO2UALWQ4CBO7A6ADNAS2FS7Y
                0x00000000000054d8                sym_RPHL2J7CVNKM6GKLDIFI4NVAPZE2FHTYW4VJSJI
                0x000000000000551c                sym_MLZNDMDYRI6WNTNQ4RIQGPD423CK7RT4YVI5CAI
                0x0000000000005544                sym_JDHOFUMREBDWEIDJYXMJPWHSFHOMYLYNQJSPRFI
                0x00000000000055d4                sym_NFDFVOR5BUFND4TNTGYIYR4ARXJRXWSQ4PVFUKY
                0x0000000000005608                sym_2BPVNFXWT4QDYKFF632K3ERQX32KVRYUN753YAQ
                0x0000000000005638                sym_R4Y3KWNYX4PGGLE5X2L7DXMWMJUY3DOXD7LSUKY
                0x0000000000005648                sym_CVH6S6LMSFPC2RM6I6LYWFRVOJUD3A6OCMG7AAI
                0x0000000000005696                sym_RDYSOO3V2DCMCV6DBTB3N5P7SCGAKZFIURGMPKI
                0x00000000000056a2                sym_QWOE5H22ZADGJX5JSROW7BOI32Z6PPEEJCISNOQ
                0x00000000000056d0                sym_VQPJBRIDNVUVT6TAVLLCTTV22RZEGFW6VZLJE4A
                0x0000000000005740                sym_LCKAFQIJSKODYR4LSBTX7TLL44MD42A4UGS4ZOI
                0x0000000000005764                sym_HVFGTYCGAECGUJHOFSPMGUV2G4PTWWUYTJVAPNA
                0x0000000000005778                sym_FWJGAV6HUABGKXBT6K4XJ76WZDWHK3EOQOQRNOI
                0x0000000000005788                sym_MCHFMLYCFQZ7GR62TMUI2GK7PTSPQGJD4EZWJLQ
                0x000000000000578c                sym_DQFOGVCNU4NTOMWSL3IYDNCMIXT2LT7SZHL5IHI
                0x00000000000057c0                sym_W447CEMR6K6QRW3N63PRPIR7NK6ENOSBFXLCPRQ
                0x000000000000586c                sym_URFU24FFGR2HYB6CCPIPKPNZNMTWHKDYOATUJNY
                0x0000000000005882                sym_EZCQMUV45JOX3SUBGR2I2RCWLQJ2CQZGHXB7H6Q
                0x0000000000005890                sym_6TZLBWMEWRMPI4KKAUVLC2XHUBDGXEA4B4JJJYQ
                0x0000000000005894                sym_RWBLK2534FJMTER76IYUPZQ3YF74JEALZ2OBIDI
                0x0000000000005896                sym_ORUJDMUJV7RZIFXM3X5KLRROPKJ7VPLJ65JMLRQ
                0x000000000000589a                sym_6JP7MZ55VMH3PWTIEPY4UMHAPJZX25DFQOGFWFI
                0x000000000000589e                sym_BMBOWRKON4S2GURIO67JKHTCIST2RPVYQF3SSQA
                0x00000000000058a2                sym_6C4FDDPHPYKBTGG23334377JD4UWAYAUJ276O2A
                0x00000000000058ac                sym_3LN4G2W73DBJOAL3YCEBF3DXNFZD3YNXJCCG6XA
                0x0000000000005a04                sym_YUVDG5ODI45JFXF2MI2J45OIQTGFR4STYDHP3IA
                0x0000000000005a4c                sym_6JZLMWN7UKV7FFQDITS277WOF7CVBSJE4XND4MI
                0x0000000000005a74                sym_NUK6YCYQAPRYART2WXI76K4M4WFNS4ROZRZYOLA
                0x0000000000005aa0                sym_JDJVBJ5RZTQP4SUZCUDJQCUWRNJJ5325BFBDJBQ
                0x0000000000005af4                sym_YWDXY73PQHJ3AGO77EIDMLGUMWE3D7ILUTVNYSI
                0x0000000000005af6                sym_BLYZQX7Q46QDFGD2ZWIOSTSTY6CIW2HSY66YPEQ
                0x0000000000005af8                sym_53QDCYY323GAZ4LCKPG5SCWBP6WXE2TVYFFHUXI
                0x0000000000005afa                sym_IFX47LUD6HWXPW2DRHE2LCAEOQIIP2C2RULGL6Y
                0x0000000000005afc                sym_EC336Q65G3J36PYUB7SGHXXHMHDTOULAOHEJK2I
                0x0000000000005b44                sym_5K5ULKH6NWXGTLHX54PU2UW4JBEPKUARB5MDKSI
                0x0000000000005bb8                sym_SHR7BJ2P2V4P3EONIDYKI5KM4CAI5MZ65FY73RY
                0x0000000000005c0c                sym_WBVPSVQ6CYPOTN4U22HRFFY3ALJECB3FCOQILFY
                0x0000000000005c30                sym_MDIROPJ5CN4EOK522EMBID7TI3QVUPNMDDKEDRA
                0x0000000000005c70                sym_AXCLSX5ZESHPV2W4MPD4KGSIC6MNQT6A3I2UDNI
                0x0000000000005c90                sym_4JJF5G6JDH5DHHWGXYULEBA37RWDGSYCSW4GQCA
                0x0000000000005cb4                sym_GQJZK6O6HQLD66XOBFIMPYL2IHZEM2RHSAX5AXQ
                0x0000000000005cd0                sym_5AITSRFP5K4RU2IVS7HZRJZWJLBW627WCUYUDJY
                0x0000000000005cf4                sym_TR5YGWT3XYIZVSRJPYXHIXDE5EZF5EOQTYW6CQA
                0x0000000000005cf8                sym_KA3G5ITPIR6B25PHSKQA3SHYW22SWLNHBP6CT7A
                0x0000000000005d04                sym_A4WBD4H4D6Z54WWIPGMZGPEU6KHFUZFGP5G4HTQ
                0x0000000000005d4c                sym_EAQW5GHRQ53QYNHOFRVBHXOOQBYZPFUVDJK5R6Y
                0x0000000000005d60                sym_OXF7O7KEVCVLWTVCZQ7QCG5LQEVF5ZV5KG57PFY
                0x0000000000005db8                MPSL_IRQ_RTC0_Handler
 .text          0x0000000000005e14        0xc /opt/nordic/ncs/v3.2.1/nrfxlib/mpsl/lib/nrf54l/soft-float/libmpsl.a(libmpsl_debug_soft__obfuscated.elf)
                0x0000000000005e14                sym_3NUECOSAIC227DBCPHAP4U7EQ3UBTGANU5ASIOA
 .text          0x0000000000005e20       0x34 /opt/nordic/ncs/v3.2.1/nrfxlib/mpsl/lib/nrf54l/soft-float/libmpsl.a(libmpsl_debug_soft__obfuscated.elf)
                0x0000000000005e20                sym_QLJBNB55XHXGY3EZ4W3ZZ3U6AVPE2YGDOXRUZSQ
 .text          0x0000000000005e54       0x38 /opt/nordic/ncs/v3.2.1/nrfxlib/mpsl/lib/nrf54l/soft-float/libmpsl.a(libmpsl_debug_soft__obfuscated.elf)
                0x0000000000005e54                sym_VWOYI7XCNXBFVPWSS6WFJ2CWKPJYCMRRQTU7QWQ
 .text          0x0000000000005e8c       0x20 /opt/nordic/ncs/v3.2.1/nrfxlib/mpsl/lib/nrf54l/soft-float/libmpsl.a(libmpsl_debug_soft__obfuscated.elf)
                0x0000000000005e8c                mpsl_tx_power_radio_supported_power_adjust
 .text          0x0000000000005eac       0x34 /opt/nordic/ncs/v3.2.1/nrfxlib/mpsl/lib/nrf54l/soft-float/libmpsl.a(libmpsl_debug_soft__obfuscated.elf)
                0x0000000000005eac                sym_4SCKUN7IRBDDM3D2RCMMHPR6OHBR3PQTBKCR77I
 .text          0x0000000000005ee0       0x70 /opt/nordic/ncs/v3.2.1/nrfxlib/mpsl/lib/nrf54l/soft-float/libmpsl.a(libmpsl_debug_soft__obfuscated.elf)
                0x0000000000005ee0                sym_QQG7HJZF5RKNVZ5ORSKL5T523LPMNSUMOGD3C6I
 .text          0x0000000000005f50        0xc /opt/nordic/ncs/v3.2.1/nrfxlib/mpsl/lib/nrf54l/soft-float/libmpsl.a(libmpsl_debug_soft__obfuscated.elf)
                0x0000000000005f50                sym_PIRI3CTIHOPR5MPDQRHBJRRZEA2NVOD4J3GXGOA
 .text          0x0000000000005f5c       0x44 /opt/nordic/ncs/v3.2.1/nrfxlib/mpsl/lib/nrf54l/soft-float/libmpsl.a(libmpsl_debug_soft__obfuscated.elf)
                0x0000000000005f5c                sym_ANRUIR5GOVXEY2YOSMACTCMXBQZWQ3XNE43TVMQ
 .text          0x0000000000005fa0       0x10 /opt/nordic/ncs/v3.2.1/nrfxlib/mpsl/lib/nrf54l/soft-float/libmpsl.a(libmpsl_debug_soft__obfuscated.elf)
                0x0000000000005fa0                sym_TIWHB6UQGI33JQCQDL7C2BRAEXCRAFYENVN6QEI
 .text          0x0000000000005fb0       0x10 /opt/nordic/ncs/v3.2.1/nrfxlib/mpsl/lib/nrf54l/soft-float/libmpsl.a(libmpsl_debug_soft__obfuscated.elf)
                0x0000000000005fb0                sym_AL7FCNVVCF72BNYCTLA5UGAWCQFXFPGE2ULTWOA
 .text          0x0000000000005fc0       0x10 /opt/nordic/ncs/v3.2.1/nrfxlib/mpsl/lib/nrf54l/soft-float/libmpsl.a(libmpsl_debug_soft__obfuscated.elf)
                0x0000000000005fc0                sym_7BUNPUBNWNFVXXIMNFFNK765OVON5LBIUZ66QRI
 .text          0x0000000000005fd0       0x24 /opt/nordic/ncs/v3.2.1/nrfxlib/mpsl/lib/nrf54l/soft-float/libmpsl.a(libmpsl_debug_soft__obfuscated.elf)
                0x0000000000005fd0                sym_LZEJCP3HZIBKMJQC47UQXAHGCQ52QF47EXOH2WA
 .text          0x0000000000005ff4       0x78 /opt/nordic/ncs/v3.2.1/nrfxlib/mpsl/lib/nrf54l/soft-float/libmpsl.a(libmpsl_debug_soft__obfuscated.elf)
 .text          0x000000000000606c       0x38 /opt/nordic/ncs/v3.2.1/nrfxlib/mpsl/lib/nrf54l/soft-float/libmpsl.a(libmpsl_debug_soft__obfuscated.elf)
 .text          0x00000000000060a4       0x1c /opt/nordic/ncs/v3.2.1/nrfxlib/mpsl/lib/nrf54l/soft-float/libmpsl.a(libmpsl_debug_soft__obfuscated.elf)
 .text          0x00000000000060c0       0x68 /opt/nordic/ncs/v3.2.1/nrfxlib/mpsl/lib/nrf54l/soft-float/libmpsl.a(libmpsl_debug_soft__obfuscated.elf)
                0x00000000000060c0                sym_D6LBAH3FIHQ2AN26SDSJLEG4XAEK556FOQIW6HA
 .text          0x0000000000006128       0x18 /opt/nordic/ncs/v3.2.1/nrfxlib/mpsl/lib/nrf54l/soft-float/libmpsl.a(libmpsl_debug_soft__obfuscated.elf)
                0x0000000000006128                sym_7QFYP6TVNTWMYUHAAVGAS6P7DNXRGA425JCWAYA
 .text          0x0000000000006140        0xc /opt/nordic/ncs/v3.2.1/nrfxlib/mpsl/lib/nrf54l/soft-float/libmpsl.a(libmpsl_debug_soft__obfuscated.elf)
                0x0000000000006140                sym_3SZAYBC5OCNQZBIVUZYG7A3DU4BAGVEUO2Y2ZRA
 .text          0x000000000000614c        0xc /opt/nordic/ncs/v3.2.1/nrfxlib/mpsl/lib/nrf54l/soft-float/libmpsl.a(libmpsl_debug_soft__obfuscated.elf)
                0x000000000000614c                sym_2KMHJG6IWTS4F37J76OPGV6TB6CGBJE6GPXD32Q
 .text          0x0000000000006158        0xc /opt/nordic/ncs/v3.2.1/nrfxlib/mpsl/lib/nrf54l/soft-float/libmpsl.a(libmpsl_debug_soft__obfuscated.elf)
                0x0000000000006158                sym_NOQLYJY4KXAQRVVN7T7QV7ANR4MNJAXOKJCQGHI
 .text          0x0000000000006164       0x28 /opt/nordic/ncs/v3.2.1/nrfxlib/mpsl/lib/nrf54l/soft-float/libmpsl.a(libmpsl_debug_soft__obfuscated.elf)
                0x0000000000006164                sym_G5J6GA5DO57F3RA6WFNEHNPECPBC7Z24DL4LMSI
 .text          0x000000000000618c       0x58 /opt/nordic/ncs/v3.2.1/nrfxlib/mpsl/lib/nrf54l/soft-float/libmpsl.a(libmpsl_debug_soft__obfuscated.elf)
                0x000000000000618c                sym_KDG2QV44ALYOJ3VXK5EAFUKKY3P3LYTXXEA7CSI
 .text          0x00000000000061e4       0x40 /opt/nordic/ncs/v3.2.1/nrfxlib/mpsl/lib/nrf54l/soft-float/libmpsl.a(libmpsl_debug_soft__obfuscated.elf)
 .text          0x0000000000006224        0xc /opt/nordic/ncs/v3.2.1/nrfxlib/mpsl/lib/nrf54l/soft-float/libmpsl.a(libmpsl_debug_soft__obfuscated.elf)
                0x0000000000006224                sym_7DNE4VCYG5OKI5GPV4IQMGPZD4CKYMLECHHGEMY
 .text          0x0000000000006230       0x1c /opt/nordic/ncs/v3.2.1/nrfxlib/mpsl/lib/nrf54l/soft-float/libmpsl.a(libmpsl_debug_soft__obfuscated.elf)
                0x0000000000006230                sym_RZWVLWNUZLGTOWBNDDVHXWYK33CMYDMAW64JT2A
 .text          0x000000000000624c       0x3c /opt/nordic/ncs/v3.2.1/nrfxlib/mpsl/lib/nrf54l/soft-float/libmpsl.a(libmpsl_debug_soft__obfuscated.elf)
                0x000000000000624c                sym_7KR3CRA2JBQKI2BE6KTZIERI7XZVU5ZKDRCM5WQ
 .text          0x0000000000006288       0x10 /opt/nordic/ncs/v3.2.1/nrfxlib/mpsl/lib/nrf54l/soft-float/libmpsl.a(libmpsl_debug_soft__obfuscated.elf)
                0x0000000000006288                sym_SDHO22NE7WQFGQ4CQJRIJINUULFKMZETRQXV3VQ
 .text          0x0000000000006298       0x64 /opt/nordic/ncs/v3.2.1/nrfxlib/mpsl/lib/nrf54l/soft-float/libmpsl.a(libmpsl_debug_soft__obfuscated.elf)
                0x0000000000006298                sym_KDVUZRFFNEKEYZUMWT3PLTLXHLI66NLVCZIQ63I
 .text          0x00000000000062fc       0x6c /opt/nordic/ncs/v3.2.1/nrfxlib/mpsl/lib/nrf54l/soft-float/libmpsl.a(libmpsl_debug_soft__obfuscated.elf)
                0x00000000000062fc                sym_PPHZHUJXI7LPAEI5QUASSIIGHAIVT4H7EME7O3Y
 .text          0x0000000000006368      0x168 /opt/nordic/ncs/v3.2.1/nrfxlib/mpsl/lib/nrf54l/soft-float/libmpsl.a(libmpsl_debug_soft__obfuscated.elf)
                0x0000000000006368                MPSL_IRQ_CLOCK_Handler
 .text          0x00000000000064d0       0x1c /opt/nordic/ncs/v3.2.1/nrfxlib/mpsl/lib/nrf54l/soft-float/libmpsl.a(libmpsl_debug_soft__obfuscated.elf)
                0x00000000000064d0                sym_76IVKPQMZOZ7IXNJTGMWOSIWIVCASAX3TTNHN7I
 .text          0x00000000000064ec      0x224 /opt/nordic/ncs/v3.2.1/nrfxlib/mpsl/lib/nrf54l/soft-float/libmpsl.a(libmpsl_debug_soft__obfuscated.elf)
                0x00000000000064ec                sym_GYXW4XY25R4ELPOOTEBFKAUAI3X7A5AGZZV7OTI
 .text          0x0000000000006710       0x20 /opt/nordic/ncs/v3.2.1/nrfxlib/mpsl/lib/nrf54l/soft-float/libmpsl.a(libmpsl_debug_soft__obfuscated.elf)
 .text          0x0000000000006730       0x44 /opt/nordic/ncs/v3.2.1/nrfxlib/mpsl/lib/nrf54l/soft-float/libmpsl.a(libmpsl_debug_soft__obfuscated.elf)
                0x0000000000006730                mpsl_clock_hfclk_src_request
 .text          0x0000000000006774       0x3c /opt/nordic/ncs/v3.2.1/nrfxlib/mpsl/lib/nrf54l/soft-float/libmpsl.a(libmpsl_debug_soft__obfuscated.elf)
                0x0000000000006774                mpsl_clock_hfclk_src_release
 .text          0x00000000000067b0        0xc /opt/nordic/ncs/v3.2.1/nrfxlib/mpsl/lib/nrf54l/soft-float/libmpsl.a(libmpsl_debug_soft__obfuscated.elf)
                0x00000000000067b0                sym_PEUB6CZG5CWXXD4M2S6OVBXZGDFOG4XII7USUDQ
 .text          0x00000000000067bc        0xc /opt/nordic/ncs/v3.2.1/nrfxlib/mpsl/lib/nrf54l/soft-float/libmpsl.a(libmpsl_debug_soft__obfuscated.elf)
                0x00000000000067bc                sym_AF5XKA2WT4DMFZTLKHOBWE7E2EZAMLDDFPQGGTQ
 .text          0x00000000000067c8        0xc /opt/nordic/ncs/v3.2.1/nrfxlib/mpsl/lib/nrf54l/soft-float/libmpsl.a(libmpsl_debug_soft__obfuscated.elf)
                0x00000000000067c8                sym_DCDRLVBT43ANSLX3KNDZ4TST3Z3CVWXAQQUSXQQ
 .text          0x00000000000067d4       0x20 /opt/nordic/ncs/v3.2.1/nrfxlib/mpsl/lib/nrf54l/soft-float/libmpsl.a(libmpsl_debug_soft__obfuscated.elf)
                0x00000000000067d4                mpsl_calibration_timer_handle
 .text          0x00000000000067f4       0x14 /opt/nordic/ncs/v3.2.1/nrfxlib/mpsl/lib/nrf54l/soft-float/libmpsl.a(libmpsl_debug_soft__obfuscated.elf)
                0x00000000000067f4                sym_ETIE3PCEXQYLK2GIVZENQ6V7PLBRV57MB7BDMNY
 .text          0x0000000000006808       0x14 /opt/nordic/ncs/v3.2.1/nrfxlib/mpsl/lib/nrf54l/soft-float/libmpsl.a(libmpsl_debug_soft__obfuscated.elf)
                0x0000000000006808                sym_5GIX3FGTOA3AFESAMMV6FULZ3AVI2Q2R6VR4L4A
 .text          0x000000000000681c       0x10 /opt/nordic/ncs/v3.2.1/nrfxlib/mpsl/lib/nrf54l/soft-float/libmpsl.a(libmpsl_debug_soft__obfuscated.elf)
                0x000000000000681c                sym_A4JUKJUCTJV55V2WD6TXU63VO5GAMB4XA4EE56Q
 .text          0x000000000000682c        0xc /opt/nordic/ncs/v3.2.1/nrfxlib/mpsl/lib/nrf54l/soft-float/libmpsl.a(libmpsl_debug_soft__obfuscated.elf)
                0x000000000000682c                sym_4PX37LW4KIUYQZ73JWLPH5GAGIRWAKTV3E6F62Q
 .text          0x0000000000006838       0x98 /opt/nordic/ncs/v3.2.1/nrfxlib/mpsl/lib/nrf54l/soft-float/libmpsl.a(libmpsl_debug_soft__obfuscated.elf)
                0x0000000000006838                sym_FYHKZOVAJN6VDDHY43FT7PF4YLRDHWRTEWHFG6I
 .text          0x00000000000068d0       0x28 /opt/nordic/ncs/v3.2.1/nrfxlib/mpsl/lib/nrf54l/soft-float/libmpsl.a(libmpsl_debug_soft__obfuscated.elf)
                0x00000000000068d0                mpsl_clock_hfclk_latency_set
 .text          0x00000000000068f8        0xc /opt/nordic/ncs/v3.2.1/nrfxlib/mpsl/lib/nrf54l/soft-float/libmpsl.a(libmpsl_debug_soft__obfuscated.elf)
                0x00000000000068f8                sym_SKFSQME5SGNPYLL7B75KY7PHXFYWSRI2HSTT45A
 .text          0x0000000000006904       0x18 /opt/nordic/ncs/v3.2.1/nrfxlib/mpsl/lib/nrf54l/soft-float/libmpsl.a(libmpsl_debug_soft__obfuscated.elf)
                0x0000000000006904                sym_4RNEPYYQOFM4LAOGLN2TB27X7L3XBISTGAWYOHQ
 .text          0x000000000000691c       0x24 /opt/nordic/ncs/v3.2.1/nrfxlib/mpsl/lib/nrf54l/soft-float/libmpsl.a(libmpsl_debug_soft__obfuscated.elf)
 .text          0x0000000000006940       0x30 /opt/nordic/ncs/v3.2.1/nrfxlib/mpsl/lib/nrf54l/soft-float/libmpsl.a(libmpsl_debug_soft__obfuscated.elf)
 .text          0x0000000000006970       0x14 /opt/nordic/ncs/v3.2.1/nrfxlib/mpsl/lib/nrf54l/soft-float/libmpsl.a(libmpsl_debug_soft__obfuscated.elf)
                0x0000000000006970                sym_4JLKMM32SOXCP6XBYAWZDUIMUJIYXLKKDBOFLHI
 .text          0x0000000000006984       0x5c /opt/nordic/ncs/v3.2.1/nrfxlib/mpsl/lib/nrf54l/soft-float/libmpsl.a(libmpsl_debug_soft__obfuscated.elf)
                0x0000000000006984                sym_S2UAPMFVIQXDUOA6CV7GJMB33TYHEUH5D6LHO5Q
 .text          0x00000000000069e0       0xc0 /opt/nordic/ncs/v3.2.1/nrfxlib/mpsl/lib/nrf54l/soft-float/libmpsl.a(libmpsl_debug_soft__obfuscated.elf)
                0x00000000000069e0                mpsl_init
 .text          0x0000000000006aa0       0x28 /opt/nordic/ncs/v3.2.1/nrfxlib/mpsl/lib/nrf54l/soft-float/libmpsl.a(libmpsl_debug_soft__obfuscated.elf)
                0x0000000000006aa0                sym_XR32KBBIVYD5OVRJM2RBQ57EGCCM2C3F5IY6OHQ
 .text          0x0000000000006ac8        0xc /opt/nordic/ncs/v3.2.1/nrfxlib/mpsl/lib/nrf54l/soft-float/libmpsl.a(libmpsl_debug_soft__obfuscated.elf)
                0x0000000000006ac8                mpsl_is_initialized
 .text          0x0000000000006ad4      0x134 /opt/nordic/ncs/v3.2.1/nrfxlib/mpsl/lib/nrf54l/soft-float/libmpsl.a(libmpsl_debug_soft__obfuscated.elf)
 .text          0x0000000000006c08       0x78 /opt/nordic/ncs/v3.2.1/nrfxlib/mpsl/lib/nrf54l/soft-float/libmpsl.a(libmpsl_debug_soft__obfuscated.elf)
                0x0000000000006c08                mpsl_temperature_get
 .text          0x0000000000006c80       0x34 /opt/nordic/ncs/v3.2.1/nrfxlib/mpsl/lib/nrf54l/soft-float/libmpsl.a(libmpsl_debug_soft__obfuscated.elf)
                0x0000000000006c80                sym_W7ROFHNOSDKPIRUKDGIZZ5YR3MC3DAM2YLJOUIA
 .text          0x0000000000006cb4       0x20 /opt/nordic/ncs/v3.2.1/nrfxlib/mpsl/lib/nrf54l/soft-float/libmpsl.a(libmpsl_debug_soft__obfuscated.elf)
                0x0000000000006cb4                sym_BJJ4JJDCVJTQH3OQZK6RMMOLISQZEJEZ3BJOKJY
 .text          0x0000000000006cd4       0x38 /opt/nordic/ncs/v3.2.1/nrfxlib/mpsl/lib/nrf54l/soft-float/libmpsl.a(libmpsl_debug_soft__obfuscated.elf)
                0x0000000000006cd4                sym_GURZ3AH6X65RGSKYMYNWZVP6HM56LA5MRAQWT6Q
 .text          0x0000000000006d0c       0x48 /opt/nordic/ncs/v3.2.1/nrfxlib/mpsl/lib/nrf54l/soft-float/libmpsl.a(libmpsl_debug_soft__obfuscated.elf)
                0x0000000000006d0c                sym_VWGRUQT3LYZHLYS5KJ7UOCJEHLDJTWH4RVJBGKQ
 .text          0x0000000000006d54       0x70 /opt/nordic/ncs/v3.2.1/nrfxlib/mpsl/lib/nrf54l/soft-float/libmpsl.a(libmpsl_debug_soft__obfuscated.elf)
                0x0000000000006d54                sym_CG4RHEKAJT5SDDAMNZDGCGOIJ7U3JN5EOJ5RYKA
 .text          0x0000000000006dc4       0x30 /opt/nordic/ncs/v3.2.1/nrfxlib/mpsl/lib/nrf54l/soft-float/libmpsl.a(libmpsl_debug_soft__obfuscated.elf)
                0x0000000000006dc4                mpsl_dppi_fixed_channels_set
 .text          0x0000000000006df4       0x24 /opt/nordic/ncs/v3.2.1/nrfxlib/mpsl/lib/nrf54l/soft-float/libmpsl.a(libmpsl_debug_soft__obfuscated.elf)
                0x0000000000006df4                mpsl_dppi_fixed_channels_clear
 .text          0x0000000000006e18      0x10c /opt/nordic/ncs/v3.2.1/nrfxlib/mpsl/lib/nrf54l/soft-float/libmpsl.a(libmpsl_debug_soft__obfuscated.elf)
                0x0000000000006e18                sym_DQONLUECJTIEYFOFJXXAPJO4POIAJKJNKBGVN5A
 .text          0x0000000000006f24       0xa0 /opt/nordic/ncs/toolchains/322ac893fe/opt/zephyr-sdk/arm-zephyr-eabi/bin/../lib/gcc/arm-zephyr-eabi/12.2.0/thumb/v8-m.main/nofp/libgcc.a(_aeabi_ldivmod.o)
                0x0000000000006f24                __aeabi_ldivmod
 .text          0x0000000000006fc4       0x30 /opt/nordic/ncs/toolchains/322ac893fe/opt/zephyr-sdk/arm-zephyr-eabi/bin/../lib/gcc/arm-zephyr-eabi/12.2.0/thumb/v8-m.main/nofp/libgcc.a(_aeabi_uldivmod.o)
                0x0000000000006fc4                __aeabi_uldivmod
 .text          0x0000000000006ff4        0x4 /opt/nordic/ncs/toolchains/322ac893fe/opt/zephyr-sdk/arm-zephyr-eabi/bin/../lib/gcc/arm-zephyr-eabi/12.2.0/thumb/v8-m.main/nofp/libgcc.a(_dvmd_tls.o)
                0x0000000000006ff4                __aeabi_ldiv0
                0x0000000000006ff4                __aeabi_idiv0
 .text          0x0000000000006ff8       0x70 /opt/nordic/ncs/v3.2.1/nrfxlib/softdevice_controller/lib/nrf54l/soft-float/libsoftdevice_controller_central.a(libsoftdevice_controller_s123_debug_soft__obfuscated.elf)
                0x0000000000006ff8                sym_CNH7SD2WCGFAHI2ANQOF3HHV2F3WYQDABEB6D2I
 .text          0x0000000000007068      0x284 /opt/nordic/ncs/v3.2.1/nrfxlib/softdevice_controller/lib/nrf54l/soft-float/libsoftdevice_controller_central.a(libsoftdevice_controller_s123_debug_soft__obfuscated.elf)
                0x0000000000007068                sym_XMQQMVD4MD6DRWNW2DWSCGOMJHFY3IX7NXUHTGI
 .text          0x00000000000072ec       0x20 /opt/nordic/ncs/v3.2.1/nrfxlib/softdevice_controller/lib/nrf54l/soft-float/libsoftdevice_controller_central.a(libsoftdevice_controller_s123_debug_soft__obfuscated.elf)
                0x00000000000072ec                sdc_hci_get
 .text          0x000000000000730c        0xa /opt/nordic/ncs/v3.2.1/nrfxlib/softdevice_controller/lib/nrf54l/soft-float/libsoftdevice_controller_central.a(libsoftdevice_controller_s123_debug_soft__obfuscated.elf)
                0x000000000000730c                sdc_hci_cmd_cb_set_event_mask
 .text          0x0000000000007316       0x38 /opt/nordic/ncs/v3.2.1/nrfxlib/softdevice_controller/lib/nrf54l/soft-float/libsoftdevice_controller_central.a(libsoftdevice_controller_s123_debug_soft__obfuscated.elf)
                0x0000000000007316                sdc_hci_cmd_vs_zephyr_read_version_info
 .text          0x000000000000734e        0x4 /opt/nordic/ncs/v3.2.1/nrfxlib/softdevice_controller/lib/nrf54l/soft-float/libsoftdevice_controller_central.a(libsoftdevice_controller_s123_debug_soft__obfuscated.elf)
                0x000000000000734e                sdc_hci_cmd_vs_zephyr_write_bd_addr
 .text          0x0000000000007352       0x48 /opt/nordic/ncs/v3.2.1/nrfxlib/softdevice_controller/lib/nrf54l/soft-float/libsoftdevice_controller_central.a(libsoftdevice_controller_s123_debug_soft__obfuscated.elf)
                0x0000000000007352                sdc_hci_cmd_vs_zephyr_read_static_addresses
 .text          0x000000000000739a       0x3a /opt/nordic/ncs/v3.2.1/nrfxlib/softdevice_controller/lib/nrf54l/soft-float/libsoftdevice_controller_central.a(libsoftdevice_controller_s123_debug_soft__obfuscated.elf)
                0x000000000000739a                sdc_hci_cmd_vs_zephyr_read_key_hierarchy_roots
 .text          0x00000000000073d4       0x2c /opt/nordic/ncs/v3.2.1/nrfxlib/softdevice_controller/lib/nrf54l/soft-float/libsoftdevice_controller_central.a(libsoftdevice_controller_s123_debug_soft__obfuscated.elf)
                0x00000000000073d4                sdc_hci_cmd_vs_zephyr_read_chip_temp
 .text          0x0000000000007400       0x64 /opt/nordic/ncs/v3.2.1/nrfxlib/softdevice_controller/lib/nrf54l/soft-float/libsoftdevice_controller_central.a(libsoftdevice_controller_s123_debug_soft__obfuscated.elf)
                0x0000000000007400                sdc_hci_cmd_vs_conn_update
 .text          0x0000000000007464        0x4 /opt/nordic/ncs/v3.2.1/nrfxlib/softdevice_controller/lib/nrf54l/soft-float/libsoftdevice_controller_central.a(libsoftdevice_controller_s123_debug_soft__obfuscated.elf)
                0x0000000000007464                sdc_hci_cmd_vs_conn_event_extend
 .text          0x0000000000007468        0xc /opt/nordic/ncs/v3.2.1/nrfxlib/softdevice_controller/lib/nrf54l/soft-float/libsoftdevice_controller_central.a(libsoftdevice_controller_s123_debug_soft__obfuscated.elf)
                0x0000000000007468                sdc_hci_cmd_vs_qos_conn_event_report_enable
 .text          0x0000000000007474        0x4 /opt/nordic/ncs/v3.2.1/nrfxlib/softdevice_controller/lib/nrf54l/soft-float/libsoftdevice_controller_central.a(libsoftdevice_controller_s123_debug_soft__obfuscated.elf)
                0x0000000000007474                sdc_hci_cmd_vs_event_length_set
 .text          0x0000000000007478        0x4 /opt/nordic/ncs/v3.2.1/nrfxlib/softdevice_controller/lib/nrf54l/soft-float/libsoftdevice_controller_central.a(libsoftdevice_controller_s123_debug_soft__obfuscated.elf)
                0x0000000000007478                sdc_hci_cmd_vs_scan_channel_map_set
 .text          0x000000000000747c        0x4 /opt/nordic/ncs/v3.2.1/nrfxlib/softdevice_controller/lib/nrf54l/soft-float/libsoftdevice_controller_central.a(libsoftdevice_controller_s123_debug_soft__obfuscated.elf)
                0x000000000000747c                sdc_hci_cmd_vs_scan_accept_ext_adv_packets_set
 .text          0x0000000000007480        0x4 /opt/nordic/ncs/v3.2.1/nrfxlib/softdevice_controller/lib/nrf54l/soft-float/libsoftdevice_controller_central.a(libsoftdevice_controller_s123_debug_soft__obfuscated.elf)
                0x0000000000007480                sdc_hci_cmd_vs_set_role_priority
 .text          0x0000000000007484        0x4 /opt/nordic/ncs/v3.2.1/nrfxlib/softdevice_controller/lib/nrf54l/soft-float/libsoftdevice_controller_central.a(libsoftdevice_controller_s123_debug_soft__obfuscated.elf)
                0x0000000000007484                sdc_hci_cmd_ip_read_local_version_information
 .text          0x0000000000007488        0x4 /opt/nordic/ncs/v3.2.1/nrfxlib/softdevice_controller/lib/nrf54l/soft-float/libsoftdevice_controller_central.a(libsoftdevice_controller_s123_debug_soft__obfuscated.elf)
                0x0000000000007488                sdc_hci_cmd_ip_read_bd_addr
 .text          0x000000000000748c        0xa /opt/nordic/ncs/v3.2.1/nrfxlib/softdevice_controller/lib/nrf54l/soft-float/libsoftdevice_controller_central.a(libsoftdevice_controller_s123_debug_soft__obfuscated.elf)
                0x000000000000748c                sdc_hci_cmd_le_set_event_mask
 .text          0x0000000000007496        0x4 /opt/nordic/ncs/v3.2.1/nrfxlib/softdevice_controller/lib/nrf54l/soft-float/libsoftdevice_controller_central.a(libsoftdevice_controller_s123_debug_soft__obfuscated.elf)
                0x0000000000007496                sdc_hci_cmd_le_read_buffer_size
 .text          0x000000000000749a        0x4 /opt/nordic/ncs/v3.2.1/nrfxlib/softdevice_controller/lib/nrf54l/soft-float/libsoftdevice_controller_central.a(libsoftdevice_controller_s123_debug_soft__obfuscated.elf)
                0x000000000000749a                sdc_hci_cmd_le_read_local_supported_features